Archive member included to satisfy reference by file (symbol)

c:/program files (x86)/atollic/truestudio for arm 7.1.0/armtools/bin/../lib/gcc/arm-atollic-eabi/5.3.1/../../../../arm-atollic-eabi/lib/armv7-m\libc_nano.a(lib_a-calloc.o)
                              dlms\src\cosem.o (calloc)
c:/program files (x86)/atollic/truestudio for arm 7.1.0/armtools/bin/../lib/gcc/arm-atollic-eabi/5.3.1/../../../../arm-atollic-eabi/lib/armv7-m\libc_nano.a(lib_a-impure.o)
                              c:/program files (x86)/atollic/truestudio for arm 7.1.0/armtools/bin/../lib/gcc/arm-atollic-eabi/5.3.1/../../../../arm-atollic-eabi/lib/armv7-m\libc_nano.a(lib_a-calloc.o) (_impure_ptr)
c:/program files (x86)/atollic/truestudio for arm 7.1.0/armtools/bin/../lib/gcc/arm-atollic-eabi/5.3.1/../../../../arm-atollic-eabi/lib/armv7-m\libc_nano.a(lib_a-init.o)
                              src\startup_LPC17xx.o (__libc_init_array)
c:/program files (x86)/atollic/truestudio for arm 7.1.0/armtools/bin/../lib/gcc/arm-atollic-eabi/5.3.1/../../../../arm-atollic-eabi/lib/armv7-m\libc_nano.a(lib_a-lcltime.o)
                              dlms\src\date.o (localtime)
c:/program files (x86)/atollic/truestudio for arm 7.1.0/armtools/bin/../lib/gcc/arm-atollic-eabi/5.3.1/../../../../arm-atollic-eabi/lib/armv7-m\libc_nano.a(lib_a-lcltime_r.o)
                              c:/program files (x86)/atollic/truestudio for arm 7.1.0/armtools/bin/../lib/gcc/arm-atollic-eabi/5.3.1/../../../../arm-atollic-eabi/lib/armv7-m\libc_nano.a(lib_a-lcltime.o) (localtime_r)
c:/program files (x86)/atollic/truestudio for arm 7.1.0/armtools/bin/../lib/gcc/arm-atollic-eabi/5.3.1/../../../../arm-atollic-eabi/lib/armv7-m\libc_nano.a(lib_a-malloc.o)
                              dlms\src\apdu.o (malloc)
c:/program files (x86)/atollic/truestudio for arm 7.1.0/armtools/bin/../lib/gcc/arm-atollic-eabi/5.3.1/../../../../arm-atollic-eabi/lib/armv7-m\libc_nano.a(lib_a-memcmp.o)
                              dlms\src\bytebuffer.o (memcmp)
c:/program files (x86)/atollic/truestudio for arm 7.1.0/armtools/bin/../lib/gcc/arm-atollic-eabi/5.3.1/../../../../arm-atollic-eabi/lib/armv7-m\libc_nano.a(lib_a-memcpy-stub.o)
                              dlms\src\bitarray.o (memcpy)
c:/program files (x86)/atollic/truestudio for arm 7.1.0/armtools/bin/../lib/gcc/arm-atollic-eabi/5.3.1/../../../../arm-atollic-eabi/lib/armv7-m\libc_nano.a(lib_a-memmove.o)
                              dlms\src\bytebuffer.o (memmove)
c:/program files (x86)/atollic/truestudio for arm 7.1.0/armtools/bin/../lib/gcc/arm-atollic-eabi/5.3.1/../../../../arm-atollic-eabi/lib/armv7-m\libc_nano.a(lib_a-memset.o)
                              dlms\src\bytebuffer.o (memset)
c:/program files (x86)/atollic/truestudio for arm 7.1.0/armtools/bin/../lib/gcc/arm-atollic-eabi/5.3.1/../../../../arm-atollic-eabi/lib/armv7-m\libc_nano.a(lib_a-mktime.o)
                              dlms\src\date.o (mktime)
c:/program files (x86)/atollic/truestudio for arm 7.1.0/armtools/bin/../lib/gcc/arm-atollic-eabi/5.3.1/../../../../arm-atollic-eabi/lib/armv7-m\libc_nano.a(lib_a-month_lengths.o)
                              c:/program files (x86)/atollic/truestudio for arm 7.1.0/armtools/bin/../lib/gcc/arm-atollic-eabi/5.3.1/../../../../arm-atollic-eabi/lib/armv7-m\libc_nano.a(lib_a-lcltime_r.o) (__month_lengths)
c:/program files (x86)/atollic/truestudio for arm 7.1.0/armtools/bin/../lib/gcc/arm-atollic-eabi/5.3.1/../../../../arm-atollic-eabi/lib/armv7-m\libc_nano.a(lib_a-nano-callocr.o)
                              c:/program files (x86)/atollic/truestudio for arm 7.1.0/armtools/bin/../lib/gcc/arm-atollic-eabi/5.3.1/../../../../arm-atollic-eabi/lib/armv7-m\libc_nano.a(lib_a-calloc.o) (_calloc_r)
c:/program files (x86)/atollic/truestudio for arm 7.1.0/armtools/bin/../lib/gcc/arm-atollic-eabi/5.3.1/../../../../arm-atollic-eabi/lib/armv7-m\libc_nano.a(lib_a-nano-freer.o)
                              c:/program files (x86)/atollic/truestudio for arm 7.1.0/armtools/bin/../lib/gcc/arm-atollic-eabi/5.3.1/../../../../arm-atollic-eabi/lib/armv7-m\libc_nano.a(lib_a-malloc.o) (_free_r)
c:/program files (x86)/atollic/truestudio for arm 7.1.0/armtools/bin/../lib/gcc/arm-atollic-eabi/5.3.1/../../../../arm-atollic-eabi/lib/armv7-m\libc_nano.a(lib_a-nano-mallocr.o)
                              c:/program files (x86)/atollic/truestudio for arm 7.1.0/armtools/bin/../lib/gcc/arm-atollic-eabi/5.3.1/../../../../arm-atollic-eabi/lib/armv7-m\libc_nano.a(lib_a-malloc.o) (_malloc_r)
c:/program files (x86)/atollic/truestudio for arm 7.1.0/armtools/bin/../lib/gcc/arm-atollic-eabi/5.3.1/../../../../arm-atollic-eabi/lib/armv7-m\libc_nano.a(lib_a-printf.o)
                              dlms\src\date.o (printf)
c:/program files (x86)/atollic/truestudio for arm 7.1.0/armtools/bin/../lib/gcc/arm-atollic-eabi/5.3.1/../../../../arm-atollic-eabi/lib/armv7-m\libc_nano.a(lib_a-puts.o)
                              src\main.o (puts)
[...]
Memory Configuration

Name             Origin             Length             Attributes
FLASH            0x00000000         0x00080000         xr
RAM              0x10000000         0x00008000         xrw
RAM1             0x2007c000         0x00004000         xrw
RAM2             0x20080000         0x00004000         xrw
MEMORY_B1        0x80000000         0x00000000         xr
*default*        0x00000000         0xffffffff

Linker script and memory map

LOAD c:/program files (x86)/atollic/truestudio for arm 7.1.0/armtools/bin/../lib/gcc/arm-atollic-eabi/5.3.1/armv7-m/crti.o
LOAD c:/program files (x86)/atollic/truestudio for arm 7.1.0/armtools/bin/../lib/gcc/arm-atollic-eabi/5.3.1/armv7-m/crtbegin.o
LOAD Libraries\CMSIS\CM3\CoreSupport\core_cm3.o
LOAD UART\SRC\uart.o
LOAD dlms\src\apdu.o
LOAD dlms\src\bitarray.o
LOAD dlms\src\bytebuffer.o
LOAD dlms\src\ciphering.o
LOAD dlms\src\client.o
LOAD dlms\src\converters.o
LOAD dlms\src\cosem.o
LOAD dlms\src\datainfo.o
LOAD dlms\src\date.o
LOAD dlms\src\dlms.o
LOAD dlms\src\dlmsSettings.o
LOAD dlms\src\gxaes.o
LOAD dlms\src\gxarray.o
LOAD dlms\src\gxget.o
LOAD dlms\src\gxinvoke.o
LOAD dlms\src\gxkey.o
LOAD dlms\src\gxmd5.o
LOAD dlms\src\gxobjects.o
LOAD dlms\src\gxset.o
LOAD dlms\src\gxsha1.o
LOAD dlms\src\gxsha256.o
LOAD dlms\src\gxvalueeventargs.o
LOAD dlms\src\helpers.o
LOAD dlms\src\message.o
LOAD dlms\src\notify.o
LOAD dlms\src\objectarray.o
LOAD dlms\src\parameters.o
LOAD dlms\src\replydata.o
LOAD dlms\src\server.o
LOAD dlms\src\variant.o
LOAD energymeter\LT_energymeter.o
LOAD modbus\modbus.o
LOAD src\main.o
LOAD src\startup_LPC17xx.o
LOAD src\system_LPC17xx.o
LOAD systick_timer\systick_timer.o
START GROUP
LOAD c:/program files (x86)/atollic/truestudio for arm 7.1.0/armtools/bin/../lib/gcc/arm-atollic-eabi/5.3.1/../../../../arm-atollic-eabi/lib/armv7-m\libc_nano.a
LOAD c:/program files (x86)/atollic/truestudio for arm 7.1.0/armtools/bin/../lib/gcc/arm-atollic-eabi/5.3.1/../../../../arm-atollic-eabi/lib/armv7-m\libm.a
END GROUP
                0x00000080                malloc_getpagesize_P = 0x80
START GROUP
LOAD c:/program files (x86)/atollic/truestudio for arm 7.1.0/armtools/bin/../lib/gcc/arm-atollic-eabi/5.3.1/armv7-m\libgcc.a
LOAD c:/program files (x86)/atollic/truestudio for arm 7.1.0/armtools/bin/../lib/gcc/arm-atollic-eabi/5.3.1/../../../../arm-atollic-eabi/lib/armv7-m\libc_nano.a
END GROUP
START GROUP
LOAD c:/program files (x86)/atollic/truestudio for arm 7.1.0/armtools/bin/../lib/gcc/arm-atollic-eabi/5.3.1/armv7-m\libgcc.a
LOAD c:/program files (x86)/atollic/truestudio for arm 7.1.0/armtools/bin/../lib/gcc/arm-atollic-eabi/5.3.1/../../../../arm-atollic-eabi/lib/armv7-m\libc_nano.a
LOAD c:/program files (x86)/atollic/truestudio for arm 7.1.0/armtools/bin/../lib/gcc/arm-atollic-eabi/5.3.1/../../../../arm-atollic-eabi/lib/armv7-m\libnosys.a
END GROUP
START GROUP
LOAD c:/program files (x86)/atollic/truestudio for arm 7.1.0/armtools/bin/../lib/gcc/arm-atollic-eabi/5.3.1/armv7-m\libgcc.a
LOAD c:/program files (x86)/atollic/truestudio for arm 7.1.0/armtools/bin/../lib/gcc/arm-atollic-eabi/5.3.1/../../../../arm-atollic-eabi/lib/armv7-m\libc_nano.a
LOAD c:/program files (x86)/atollic/truestudio for arm 7.1.0/armtools/bin/../lib/gcc/arm-atollic-eabi/5.3.1/../../../../arm-atollic-eabi/lib/armv7-m\libnosys.a
END GROUP
LOAD c:/program files (x86)/atollic/truestudio for arm 7.1.0/armtools/bin/../lib/gcc/arm-atollic-eabi/5.3.1/armv7-m/crtend.o
LOAD c:/program files (x86)/atollic/truestudio for arm 7.1.0/armtools/bin/../lib/gcc/arm-atollic-eabi/5.3.1/armv7-m/crtn.o
                0x10008000                _estack = 0x10008000
                0x00000000                _Min_Heap_Size = 0x0
                0x00000100                _Min_Stack_Size = 0x100

.isr_vector     0x00000000       0xcc
                0x00000000                . = ALIGN (0x4)
                0x00000000                _isr_vector = .
 *(.isr_vector)
 .isr_vector    0x00000000       0xcc src\startup_LPC17xx.o
                0x00000000                g_pfnVectors
                0x000000cc                . = ALIGN (0x4)

.text           0x000000cc    0x2beb0
                0x000000cc                . = ALIGN (0x4)
 *(.text)
 .text          0x000000cc       0x40 c:/program files (x86)/atollic/truestudio for arm 7.1.0/armtools/bin/../lib/gcc/arm-atollic-eabi/5.3.1/armv7-m/crtbegin.o
 .text          0x0000010c       0x14 c:/program files (x86)/atollic/truestudio for arm 7.1.0/armtools/bin/../lib/gcc/arm-atollic-eabi/5.3.1/../../../../arm-atollic-eabi/lib/armv7-m\libc_nano.a(lib_a-strcmp.o)
                0x0000010c                strcmp
 .text          0x00000120       0x10 c:/program files (x86)/atollic/truestudio for arm 7.1.0/armtools/bin/../lib/gcc/arm-atollic-eabi/5.3.1/../../../../arm-atollic-eabi/lib/armv7-m\libc_nano.a(lib_a-strlen.o)
                0x00000120                strlen
 .text          0x00000130      0x370 c:/program files (x86)/atollic/truestudio for arm 7.1.0/armtools/bin/../lib/gcc/arm-atollic-eabi/5.3.1/armv7-m\libgcc.a(_arm_addsubdf3.o)
                0x00000130                __aeabi_drsub
                0x00000138                __aeabi_dsub
                0x00000138                __subdf3
                0x0000013c                __aeabi_dadd
                0x0000013c                __adddf3
                0x000003b4                __floatunsidf
                0x000003b4                __aeabi_ui2d
                0x000003d4                __floatsidf
                0x000003d4                __aeabi_i2d
                0x000003f8                __aeabi_f2d
                0x000003f8                __extendsfdf2
                0x00000434                __floatundidf
                0x00000434                __aeabi_ul2d
                0x00000444                __floatdidf
                0x00000444                __aeabi_l2d
 .text          0x000004a0      0x424 c:/program files (x86)/atollic/truestudio for arm 7.1.0/armtools/bin/../lib/gcc/arm-atollic-eabi/5.3.1/armv7-m\libgcc.a(_arm_muldivdf3.o)
                0x000004a0                __aeabi_dmul
                0x000004a0                __muldf3
                0x000006f4                __divdf3
                0x000006f4                __aeabi_ddiv
 .text          0x000008c4       0x50 c:/program files (x86)/atollic/truestudio for arm 7.1.0/armtools/bin/../lib/gcc/arm-atollic-eabi/5.3.1/armv7-m\libgcc.a(_arm_fixdfsi.o)
                0x000008c4                __aeabi_d2iz
                0x000008c4                __fixdfsi
 .text          0x00000914       0x40 c:/program files (x86)/atollic/truestudio for arm 7.1.0/armtools/bin/../lib/gcc/arm-atollic-eabi/5.3.1/armv7-m\libgcc.a(_arm_fixunsdfsi.o)
                0x00000914                __aeabi_d2uiz
                0x00000914                __fixunsdfsi
 .text          0x00000954       0x4c c:/program files (x86)/atollic/truestudio for arm 7.1.0/armtools/bin/../lib/gcc/arm-atollic-eabi/5.3.1/armv7-m\libgcc.a(_arm_fixsfsi.o)
                0x00000954                __aeabi_f2iz
                0x00000954                __fixsfsi
 .text          0x000009a0       0xa0 c:/program files (x86)/atollic/truestudio for arm 7.1.0/armtools/bin/../lib/gcc/arm-atollic-eabi/5.3.1/armv7-m\libgcc.a(_aeabi_ldivmod.o)
                0x000009a0                __aeabi_ldivmod
 .text          0x00000a40      0x2ec c:/program files (x86)/atollic/truestudio for arm 7.1.0/armtools/bin/../lib/gcc/arm-atollic-eabi/5.3.1/armv7-m\libgcc.a(_udivmoddi4.o)
                0x00000a40                __udivmoddi4
 .text          0x00000d2c        0x4 c:/program files (x86)/atollic/truestudio for arm 7.1.0/armtools/bin/../lib/gcc/arm-atollic-eabi/5.3.1/armv7-m\libgcc.a(_dvmd_tls.o)
                0x00000d2c                __aeabi_idiv0
                0x00000d2c                __aeabi_ldiv0
 *(.text*)
 .text.NVIC_EnableIRQ
                0x00000d30       0x30 UART\SRC\uart.o
 .text.UARTInit
                0x00000d60      0x178 UART\SRC\uart.o
                0x00000d60                UARTInit
 .text.UARTSend
                0x00000ed8       0x88 UART\SRC\uart.o
                0x00000ed8                UARTSend
 .text.apdu_generateApplicationContextName
                0x00000f60      0x210 dlms\src\apdu.o
                0x00000f60                apdu_generateApplicationContextName
 .text.apdu_parseUserInformation
                0x00001170      0x480 dlms\src\apdu.o
                0x00001170                apdu_parseUserInformation
 .text.apdu_parseApplicationContextName
                0x000015f0      0x1e0 dlms\src\apdu.o
                0x000015f0                apdu_parseApplicationContextName
 .text.apdu_validateAare
                0x000017d0       0x50 dlms\src\apdu.o
                0x000017d0                apdu_validateAare
 .text.apdu_updatePassword
                0x00001820       0xb0 dlms\src\apdu.o
                0x00001820                apdu_updatePassword
 .text.apdu_updateAuthentication
                0x000018d0      0x130 dlms\src\apdu.o
                0x000018d0                apdu_updateAuthentication
 .text.apdu_getUserInformation
                0x00001a00      0x18c dlms\src\apdu.o
                0x00001a00                apdu_getUserInformation
 .text.apdu_handleResultComponent
                0x00001b8c       0x88 dlms\src\apdu.o
                0x00001b8c                apdu_handleResultComponent
 .text.apdu_parseProtocolVersion
                0x00001c14       0xd0 dlms\src\apdu.o
                0x00001c14                apdu_parseProtocolVersion
 .text.apdu_parsePDU
                0x00001ce4      0x734 dlms\src\apdu.o
                0x00001ce4                apdu_parsePDU
 .text.apdu_generateAARE
                0x00002418      0x320 dlms\src\apdu.o
                0x00002418                apdu_generateAARE
 .text.ba_getByteCount
                0x00002738       0x7c dlms\src\bitarray.o
                0x00002738                ba_getByteCount
 .text.getByteIndex
                0x000027b4       0x44 dlms\src\bitarray.o
                0x000027b4                getByteIndex
 .text.ba_init  0x000027f8       0x2c dlms\src\bitarray.o
                0x000027f8                ba_init
 .text.ba_capacity
                0x00002824       0x7c dlms\src\bitarray.o
                0x00002824                ba_capacity
 .text.ba_set   0x000028a0       0x30 dlms\src\bitarray.o
                0x000028a0                ba_set
 .text.ba_setByIndex
                0x000028d0      0x108 dlms\src\bitarray.o
                0x000028d0                ba_setByIndex
 .text.ba_add   0x000029d8       0xdc dlms\src\bitarray.o
                0x000029d8                ba_add
 .text.ba_copy  0x00002ab4       0x54 dlms\src\bitarray.o
                0x00002ab4                ba_copy
 .text.ba_clear
                0x00002b08       0x3c dlms\src\bitarray.o
                0x00002b08                ba_clear
 .text.ba_getByIndex
                0x00002b44       0x70 dlms\src\bitarray.o
                0x00002b44                ba_getByIndex
 .text.ba_toInteger
                0x00002bb4       0x6c dlms\src\bitarray.o
                0x00002bb4                ba_toInteger
 .text.ba_toString
                0x00002c20       0x6c dlms\src\bitarray.o
                0x00002c20                ba_toString
 .text.bb_isAttached
                0x00002c8c       0x20 dlms\src\bytebuffer.o
                0x00002c8c                bb_isAttached
 .text.bb_getCapacity
                0x00002cac       0x1c dlms\src\bytebuffer.o
                0x00002cac                bb_getCapacity
 .text.bb_size  0x00002cc8       0x20 dlms\src\bytebuffer.o
                0x00002cc8                bb_size
 .text.bb_init  0x00002ce8       0x2c dlms\src\bytebuffer.o
                0x00002ce8                bb_init
 .text.bb_capacity
                0x00002d14       0x9c dlms\src\bytebuffer.o
                0x00002d14                bb_capacity
 .text.bb_zero  0x00002db0       0x64 dlms\src\bytebuffer.o
                0x00002db0                bb_zero
 .text.bb_setUInt8
                0x00002e14       0x38 dlms\src\bytebuffer.o
                0x00002e14                bb_setUInt8
 .text.bb_insertUInt8
                0x00002e4c       0x44 dlms\src\bytebuffer.o
                0x00002e4c                bb_insertUInt8
 .text.bb_setUInt8ByIndex
                0x00002e90       0xa8 dlms\src\bytebuffer.o
                0x00002e90                bb_setUInt8ByIndex
 .text.bb_setUInt16
                0x00002f38       0xc4 dlms\src\bytebuffer.o
                0x00002f38                bb_setUInt16
 .text.bb_setUInt32
                0x00002ffc       0x38 dlms\src\bytebuffer.o
                0x00002ffc                bb_setUInt32
 .text.bb_setUInt32ByIndex
                0x00003034       0xd0 dlms\src\bytebuffer.o
                0x00003034                bb_setUInt32ByIndex
 .text.bb_setUInt64
                0x00003104      0x1d8 dlms\src\bytebuffer.o
                0x00003104                bb_setUInt64
 .text.bb_setFloat
                0x000032dc       0xdc dlms\src\bytebuffer.o
                0x000032dc                bb_setFloat
 .text.bb_setDouble
                0x000033b8      0x124 dlms\src\bytebuffer.o
                0x000033b8                bb_setDouble
 .text.bb_setInt8
                0x000034dc       0x20 dlms\src\bytebuffer.o
                0x000034dc                bb_setInt8
 .text.bb_setInt16
                0x000034fc       0x20 dlms\src\bytebuffer.o
                0x000034fc                bb_setInt16
 .text.bb_setInt32
                0x0000351c       0x20 dlms\src\bytebuffer.o
                0x0000351c                bb_setInt32
 .text.bb_setInt64
                0x0000353c       0x24 dlms\src\bytebuffer.o
                0x0000353c                bb_setInt64
 .text.bb_set   0x00003560       0xc0 dlms\src\bytebuffer.o
                0x00003560                bb_set
 .text.bb_set2  0x00003620       0x6c dlms\src\bytebuffer.o
                0x00003620                bb_set2
 .text.bb_addString
                0x0000368c       0x64 dlms\src\bytebuffer.o
                0x0000368c                bb_addString
 .text.bb_attach
                0x000036f0       0x44 dlms\src\bytebuffer.o
                0x000036f0                bb_attach
 .text.bb_attachString
                0x00003734       0x30 dlms\src\bytebuffer.o
                0x00003734                bb_attachString
 .text.bb_clear
                0x00003764       0x48 dlms\src\bytebuffer.o
                0x00003764                bb_clear
 .text.bb_getUInt8
                0x000037ac       0x44 dlms\src\bytebuffer.o
                0x000037ac                bb_getUInt8
 .text.bb_getInt8
                0x000037f0       0x48 dlms\src\bytebuffer.o
                0x000037f0                bb_getInt8
 .text.bb_getUInt8ByIndex
                0x00003838       0x38 dlms\src\bytebuffer.o
                0x00003838                bb_getUInt8ByIndex
 .text.bb_getUInt16
                0x00003870       0x60 dlms\src\bytebuffer.o
                0x00003870                bb_getUInt16
 .text.bb_getUInt32
                0x000038d0       0x7c dlms\src\bytebuffer.o
                0x000038d0                bb_getUInt32
 .text.bb_getInt16
                0x0000394c       0x60 dlms\src\bytebuffer.o
                0x0000394c                bb_getInt16
 .text.bb_getInt32
                0x000039ac       0x30 dlms\src\bytebuffer.o
                0x000039ac                bb_getInt32
 .text.bb_getUInt32ByIndex
                0x000039dc       0x68 dlms\src\bytebuffer.o
                0x000039dc                bb_getUInt32ByIndex
 .text.bb_getInt64
                0x00003a44       0x38 dlms\src\bytebuffer.o
                0x00003a44                bb_getInt64
 .text.bb_getUInt64
                0x00003a7c       0x38 dlms\src\bytebuffer.o
                0x00003a7c                bb_getUInt64
 .text.bb_getUInt64ByIndex
                0x00003ab4       0xe8 dlms\src\bytebuffer.o
                0x00003ab4                bb_getUInt64ByIndex
 .text.bb_getFloat
                0x00003b9c       0x7c dlms\src\bytebuffer.o
                0x00003b9c                bb_getFloat
 .text.bb_getDouble
                0x00003c18       0xc0 dlms\src\bytebuffer.o
                0x00003c18                bb_getDouble
 .text.bb_getUInt16ByIndex
                0x00003cd8       0x50 dlms\src\bytebuffer.o
                0x00003cd8                bb_getUInt16ByIndex
 .text.bb_addHexString
                0x00003d28       0x50 dlms\src\bytebuffer.o
                0x00003d28                bb_addHexString
 .text.bb_toHexString
                0x00003d78       0x24 dlms\src\bytebuffer.o
                0x00003d78                bb_toHexString
 .text.bb_addIntAsString
                0x00003d9c       0x2c dlms\src\bytebuffer.o
                0x00003d9c                bb_addIntAsString
 .text.bb_insert
                0x00003dc8       0x8c dlms\src\bytebuffer.o
                0x00003dc8                bb_insert
 .text.bb_move  0x00003e54       0xe8 dlms\src\bytebuffer.o
                0x00003e54                bb_move
 .text.bb_trim  0x00003f3c       0x50 dlms\src\bytebuffer.o
                0x00003f3c                bb_trim
 .text.bb_compare
                0x00003f8c       0x64 dlms\src\bytebuffer.o
                0x00003f8c                bb_compare
 .text.bb_get   0x00003ff0       0x60 dlms\src\bytebuffer.o
                0x00003ff0                bb_get
 .text.cip_init
                0x00004050       0x7c dlms\src\ciphering.o
                0x00004050                cip_init
 .text.cip_getAuthenticatedData
                0x000040cc       0xa0 dlms\src\ciphering.o
                0x000040cc                cip_getAuthenticatedData
 .text.cip_getNonse
                0x0000416c       0x68 dlms\src\ciphering.o
 .text.cip_int  0x000041d4      0x4dc dlms\src\ciphering.o
                0x000041d4                cip_int
 .text.aes_encrypt
                0x000046b0      0x51c dlms\src\ciphering.o
                0x000046b0                aes_encrypt
 .text.cip_xor  0x00004bcc       0x44 dlms\src\ciphering.o
 .text.shift_right_block
                0x00004c10      0x1b8 dlms\src\ciphering.o
 .text.cip_multiplyH
                0x00004dc8       0xa8 dlms\src\ciphering.o
 .text.cip_getGHash
                0x00004e70       0xd4 dlms\src\ciphering.o
 .text.cip_init_j0
                0x00004f44       0xc4 dlms\src\ciphering.o
 .text.cip_inc32
                0x00005008       0x6c dlms\src\ciphering.o
 .text.cip_gctr
                0x00005074       0xe8 dlms\src\ciphering.o
 .text.aes_gcm_gctr
                0x0000515c       0x4c dlms\src\ciphering.o
 .text.aes_gcm_ghash
                0x000051a8       0xac dlms\src\ciphering.o
 .text.cip_encrypt
                0x00005254      0x4dc dlms\src\ciphering.o
                0x00005254                cip_encrypt
 .text.cip_decrypt
                0x00005730      0x328 dlms\src\ciphering.o
                0x00005730                cip_decrypt
 .text.cosem_getObjectSize
                0x00005a58      0x330 dlms\src\cosem.o
                0x00005a58                cosem_getObjectSize
 .text.cosem_createObject
                0x00005d88       0x9c dlms\src\cosem.o
                0x00005d88                cosem_createObject
 .text.cosem_setLogicalName
                0x00005e24       0x24 dlms\src\cosem.o
                0x00005e24                cosem_setLogicalName
 .text.cosem_init2
                0x00005e48      0x314 dlms\src\cosem.o
                0x00005e48                cosem_init2
 .text.di_init  0x0000615c       0x2c dlms\src\datainfo.o
                0x0000615c                di_init
 .text.time_getUtcOffset
                0x00006188       0x60 dlms\src\date.o
                0x00006188                time_getUtcOffset
 .text.time_init
                0x000061e8      0x1a4 dlms\src\date.o
                0x000061e8                time_init
 .text.time_init2
                0x0000638c       0x78 dlms\src\date.o
                0x0000638c                time_init2
 .text.time_init4
                0x00006404       0x48 dlms\src\date.o
                0x00006404                time_init4
 .text.time_clear
                0x0000644c       0x40 dlms\src\date.o
                0x0000644c                time_clear
 .text.date_daysInMonth
                0x0000648c       0xc8 dlms\src\date.o
                0x0000648c                date_daysInMonth
 .text.getDateFormat
                0x00006554       0x24 dlms\src\date.o
                0x00006554                getDateFormat
 .text.time_toString
                0x00006578      0x3dc dlms\src\date.o
                0x00006578                time_toString
 .text.time_copy
                0x00006954       0x60 dlms\src\date.o
                0x00006954                time_copy
 .text.time_addTime
                0x000069b4       0x3c dlms\src\date.o
                0x000069b4                time_addTime
 .text.time_compare
                0x000069f0       0xa0 dlms\src\date.o
                0x000069f0                time_compare
 .text.time_fromUnixTime
                0x00006a90       0x30 dlms\src\date.o
                0x00006a90                time_fromUnixTime
 .text.countCRC
                0x00006ac0       0x80 dlms\src\dlms.o
 .text.dlms_getGloMessage
                0x00006b40      0x1ac dlms\src\dlms.o
                0x00006b40                dlms_getGloMessage
 .text.dlms_getInvokeIDPriority
                0x00006cec       0x48 dlms\src\dlms.o
                0x00006cec                dlms_getInvokeIDPriority
 .text.dlms_getLongInvokeIDPriority
                0x00006d34       0x54 dlms\src\dlms.o
                0x00006d34                dlms_getLongInvokeIDPriority
 .text.dlms_setData
                0x00006d88       0x3c dlms\src\dlms.o
                0x00006d88                dlms_setData
 .text.getCount
                0x00006dc4       0x6c dlms\src\dlms.o
                0x00006dc4                getCount
 .text.getArray
                0x00006e30      0x108 dlms\src\dlms.o
                0x00006e30                getArray
 .text.getUInt32
                0x00006f38       0x50 dlms\src\dlms.o
                0x00006f38                getUInt32
 .text.getInt32
                0x00006f88       0x50 dlms\src\dlms.o
                0x00006f88                getInt32
 .text.getBitString
                0x00006fd8       0xdc dlms\src\dlms.o
 .text.getBool  0x000070b4       0x60 dlms\src\dlms.o
 .text.getString
                0x00007114       0xa8 dlms\src\dlms.o
                0x00007114                getString
 .text.getUtfString
                0x000071bc       0xbc dlms\src\dlms.o
                0x000071bc                getUtfString
 .text.getOctetString
                0x00007278       0x94 dlms\src\dlms.o
                0x00007278                getOctetString
 .text.getBcd   0x0000730c       0xec dlms\src\dlms.o
                0x0000730c                getBcd
 .text.getUInt8
                0x000073f8       0x50 dlms\src\dlms.o
                0x000073f8                getUInt8
 .text.getInt16
                0x00007448       0x50 dlms\src\dlms.o
                0x00007448                getInt16
 .text.getInt8  0x00007498       0x50 dlms\src\dlms.o
                0x00007498                getInt8
 .text.getUInt16
                0x000074e8       0x50 dlms\src\dlms.o
                0x000074e8                getUInt16
 .text.getInt64
                0x00007538       0x50 dlms\src\dlms.o
                0x00007538                getInt64
 .text.getUInt64
                0x00007588       0x50 dlms\src\dlms.o
                0x00007588                getUInt64
 .text.getEnum  0x000075d8       0x50 dlms\src\dlms.o
                0x000075d8                getEnum
 .text.getDouble
                0x00007628       0x50 dlms\src\dlms.o
                0x00007628                getDouble
 .text.getFloat
                0x00007678       0x50 dlms\src\dlms.o
                0x00007678                getFloat
 .text.getTime  0x000076c8       0xf8 dlms\src\dlms.o
                0x000076c8                getTime
 .text.getDate  0x000077c0       0xdc dlms\src\dlms.o
                0x000077c0                getDate
 .text.getDateTime
                0x0000789c      0x364 dlms\src\dlms.o
                0x0000789c                getDateTime
 .text.dlms_getData
                0x00007c00      0x268 dlms\src\dlms.o
                0x00007c00                dlms_getData
 .text.dlms_checkLLCBytes
                0x00007e68       0x74 dlms\src\dlms.o
                0x00007e68                dlms_checkLLCBytes
 .text.dlms_getHDLCAddress
                0x00007edc      0x128 dlms\src\dlms.o
                0x00007edc                dlms_getHDLCAddress
 .text.dlms_checkHdlcAddress
                0x00008004      0x130 dlms\src\dlms.o
                0x00008004                dlms_checkHdlcAddress
 .text.dlms_getAddress
                0x00008134       0xbc dlms\src\dlms.o
                0x00008134                dlms_getAddress
 .text.dlms_getAddressBytes
                0x000081f0       0x70 dlms\src\dlms.o
                0x000081f0                dlms_getAddressBytes
 .text.dlms_getHdlcFrame
                0x00008260      0x338 dlms\src\dlms.o
                0x00008260                dlms_getHdlcFrame
 .text.dlms_getDataFromFrame
                0x00008598       0x64 dlms\src\dlms.o
                0x00008598                dlms_getDataFromFrame
 .text.dlms_getHdlcData
                0x000085fc      0x520 dlms\src\dlms.o
                0x000085fc                dlms_getHdlcData
 .text.dlms_checkWrapperAddress
                0x00008b1c       0xf8 dlms\src\dlms.o
                0x00008b1c                dlms_checkWrapperAddress
 .text.dlms_getTcpData
                0x00008c14       0xe0 dlms\src\dlms.o
                0x00008c14                dlms_getTcpData
 .text.dlms_getDataFromBlock
                0x00008cf4       0x6c dlms\src\dlms.o
                0x00008cf4                dlms_getDataFromBlock
 .text.dlms_getWrapperFrame
                0x00008d60      0x120 dlms\src\dlms.o
                0x00008d60                dlms_getWrapperFrame
 .text.dlms_handleGetResponse
                0x00008e80      0x240 dlms\src\dlms.o
                0x00008e80                dlms_handleGetResponse
 .text.dlms_handleWriteResponse
                0x000090c0       0x84 dlms\src\dlms.o
                0x000090c0                dlms_handleWriteResponse
 .text.dlms_getValueFromData
                0x00009144      0x160 dlms\src\dlms.o
                0x00009144                dlms_getValueFromData
 .text.dlms_readResponseDataBlockResult
                0x000092a4      0x11c dlms\src\dlms.o
                0x000092a4                dlms_readResponseDataBlockResult
 .text.dlms_handleReadResponse
                0x000093c0      0x268 dlms\src\dlms.o
                0x000093c0                dlms_handleReadResponse
 .text.dlms_handleMethodResponse
                0x00009628      0x13c dlms\src\dlms.o
                0x00009628                dlms_handleMethodResponse
 .text.dlms_handleSetResponse
                0x00009764       0xa8 dlms\src\dlms.o
                0x00009764                dlms_handleSetResponse
 .text.dlms_changeType2
                0x0000980c       0x48 dlms\src\dlms.o
                0x0000980c                dlms_changeType2
 .text.dlms_changeType
                0x00009854      0x100 dlms\src\dlms.o
                0x00009854                dlms_changeType
 .text.dlms_handleDataNotification
                0x00009954       0xe0 dlms\src\dlms.o
                0x00009954                dlms_handleDataNotification
 .text.dlms_handleGbt
                0x00009a34      0x1d0 dlms\src\dlms.o
                0x00009a34                dlms_handleGbt
 .text.dlms_handledGloDedRequest
                0x00009c04      0x194 dlms\src\dlms.o
                0x00009c04                dlms_handledGloDedRequest
 .text.dlms_handledGloDedResponse
                0x00009d98      0x13c dlms\src\dlms.o
                0x00009d98                dlms_handledGloDedResponse
 .text.dlms_handleGeneralCiphering
                0x00009ed4       0x98 dlms\src\dlms.o
                0x00009ed4                dlms_handleGeneralCiphering
 .text.dlms_getPdu
                0x00009f6c      0x5f8 dlms\src\dlms.o
                0x00009f6c                dlms_getPdu
 .text.dlms_addLLCBytes
                0x0000a564       0x3c dlms\src\dlms.o
                0x0000a564                dlms_addLLCBytes
 .text.dlms_appendMultipleSNBlocks
                0x0000a5a0      0x128 dlms\src\dlms.o
                0x0000a5a0                dlms_appendMultipleSNBlocks
 .text.dlms_getSNPdu
                0x0000a6c8      0x41c dlms\src\dlms.o
                0x0000a6c8                dlms_getSNPdu
 .text.dlms_multipleBlocks
                0x0000aae4       0xf8 dlms\src\dlms.o
                0x0000aae4                dlms_multipleBlocks
 .text.dlms_getLNPdu
                0x0000abdc      0x654 dlms\src\dlms.o
                0x0000abdc                dlms_getLNPdu
 .text.dlms_getData2
                0x0000b230       0xe8 dlms\src\dlms.o
                0x0000b230                dlms_getData2
 .text.dlms_generateChallenge
                0x0000b318       0x40 dlms\src\dlms.o
                0x0000b318                dlms_generateChallenge
 .text.dlms_getActionInfo
                0x0000b358      0x2d8 dlms\src\dlms.o
                0x0000b358                dlms_getActionInfo
 .text.dlms_secure
                0x0000b630      0x234 dlms\src\dlms.o
                0x0000b630                dlms_secure
 .text.dlms_parseSnrmUaResponse
                0x0000b864      0x1c0 dlms\src\dlms.o
                0x0000b864                dlms_parseSnrmUaResponse
 .text.dlms_appendHdlcParameter
                0x0000ba24       0x44 dlms\src\dlms.o
                0x0000ba24                dlms_appendHdlcParameter
 .text.svr_init
                0x0000ba68       0xd0 dlms\src\dlmsSettings.o
                0x0000ba68                svr_init
 .text.cl_init  0x0000bb38      0x180 dlms\src\dlmsSettings.o
                0x0000bb38                cl_init
 .text.resetBlockIndex
                0x0000bcb8       0x1c dlms\src\dlmsSettings.o
                0x0000bcb8                resetBlockIndex
 .text.resetFrameSequence
                0x0000bcd4       0x40 dlms\src\dlmsSettings.o
                0x0000bcd4                resetFrameSequence
 .text.increaseReceiverSequence
                0x0000bd14       0x34 dlms\src\dlmsSettings.o
                0x0000bd14                increaseReceiverSequence
 .text.increaseSendSequence
                0x0000bd48       0x34 dlms\src\dlmsSettings.o
                0x0000bd48                increaseSendSequence
 .text.checkFrame
                0x0000bd7c      0x120 dlms\src\dlmsSettings.o
                0x0000bd7c                checkFrame
 .text.getNextSend
                0x0000be9c       0x58 dlms\src\dlmsSettings.o
                0x0000be9c                getNextSend
 .text.getReceiverReady
                0x0000bef4       0x38 dlms\src\dlmsSettings.o
                0x0000bef4                getReceiverReady
 .text.getKeepAlive
                0x0000bf2c       0x30 dlms\src\dlmsSettings.o
                0x0000bf2c                getKeepAlive
 .text.isCiphered
                0x0000bf5c       0x20 dlms\src\dlmsSettings.o
                0x0000bf5c                isCiphered
 .text.trans_init
                0x0000bf7c       0x2c dlms\src\dlmsSettings.o
                0x0000bf7c                trans_init
 .text.trans_clear
                0x0000bfa8       0x2c dlms\src\dlmsSettings.o
                0x0000bfa8                trans_clear
 .text.updateInvokeId
                0x0000bfd4       0x5c dlms\src\dlmsSettings.o
                0x0000bfd4                updateInvokeId
 .text.getSBoxValue
                0x0000c030       0x20 dlms\src\gxaes.o
 .text.KeyExpansion
                0x0000c050      0x1b8 dlms\src\gxaes.o
 .text.AddRoundKey
                0x0000c208       0x78 dlms\src\gxaes.o
 .text.SubBytes
                0x0000c280       0x60 dlms\src\gxaes.o
 .text.ShiftRows
                0x0000c2e0       0xb4 dlms\src\gxaes.o
 .text.xtime    0x0000c394       0x3c dlms\src\gxaes.o
 .text.MixColumns
                0x0000c3d0      0x194 dlms\src\gxaes.o
 .text.Cipher   0x0000c564       0x4c dlms\src\gxaes.o
 .text.gxaes_ecb_encrypt
                0x0000c5b0       0x3c dlms\src\gxaes.o
                0x0000c5b0                gxaes_ecb_encrypt
 .text.arr_init
                0x0000c5ec       0x2c dlms\src\gxarray.o
                0x0000c5ec                arr_init
 .text.arr_capacity
                0x0000c618       0x68 dlms\src\gxarray.o
                0x0000c618                arr_capacity
 .text.arr_push
                0x0000c680       0x90 dlms\src\gxarray.o
                0x0000c680                arr_push
 .text.arr_clear
                0x0000c710       0x6c dlms\src\gxarray.o
                0x0000c710                arr_clear
 .text.arr_empty
                0x0000c77c       0x3c dlms\src\gxarray.o
                0x0000c77c                arr_empty
 .text.arr_get  0x0000c7b8       0x44 dlms\src\gxarray.o
                0x0000c7b8                arr_get
 .text.arr_getByIndex
                0x0000c7fc       0x3c dlms\src\gxarray.o
                0x0000c7fc                arr_getByIndex
 .text.arr_clearKeyValuePair
                0x0000c838       0x7c dlms\src\gxarray.o
                0x0000c838                arr_clearKeyValuePair
 .text.arr_clearStrings
                0x0000c8b4       0x70 dlms\src\gxarray.o
                0x0000c8b4                arr_clearStrings
 .text.arr_removeByIndex
                0x0000c924       0x80 dlms\src\gxarray.o
                0x0000c924                arr_removeByIndex
 .text.cosem_getByteBuffer
                0x0000c9a4       0x48 dlms\src\gxget.o
                0x0000c9a4                cosem_getByteBuffer
 .text.cosem_getData
                0x0000c9ec       0x38 dlms\src\gxget.o
                0x0000c9ec                cosem_getData
 .text.cosem_getRegister
                0x0000ca24       0xd4 dlms\src\gxget.o
                0x0000ca24                cosem_getRegister
 .text.cosem_getRegisterTable
                0x0000caf8       0xc8 dlms\src\gxget.o
                0x0000caf8                cosem_getRegisterTable
 .text.cosem_getClock
                0x0000cbc0      0x100 dlms\src\gxget.o
                0x0000cbc0                cosem_getClock
 .text.cosem_getActionSchedule
                0x0000ccc0      0x210 dlms\src\gxget.o
                0x0000ccc0                cosem_getActionSchedule
 .text.getActivityCalendarDayProfileTable
                0x0000ced0      0x1e8 dlms\src\gxget.o
                0x0000ced0                getActivityCalendarDayProfileTable
 .text.getActivityCalendarWeekProfileTable
                0x0000d0b8      0x1e0 dlms\src\gxget.o
                0x0000d0b8                getActivityCalendarWeekProfileTable
 .text.getActivityCalendarSeasonProfile
                0x0000d298      0x190 dlms\src\gxget.o
                0x0000d298                getActivityCalendarSeasonProfile
 .text.getActivityCalendarName
                0x0000d428       0x54 dlms\src\gxget.o
                0x0000d428                getActivityCalendarName
 .text.cosem_getActivityCalendar
                0x0000d47c      0x15c dlms\src\gxget.o
                0x0000d47c                cosem_getActivityCalendar
 .text.getLNAccessRights
                0x0000d5d8      0x1c0 dlms\src\gxget.o
                0x0000d5d8                getLNAccessRights
 .text.dlms_isPduFull
                0x0000d798       0x6c dlms\src\gxget.o
                0x0000d798                dlms_isPduFull
 .text.getLNObjects
                0x0000d804      0x1c0 dlms\src\gxget.o
                0x0000d804                getLNObjects
 .text.getUserList
                0x0000d9c4      0x154 dlms\src\gxget.o
                0x0000d9c4                getUserList
 .text.cosem_getAssociationLogicalName
                0x0000db18      0x658 dlms\src\gxget.o
                0x0000db18                cosem_getAssociationLogicalName
 .text.getSNObjects
                0x0000e170      0x1c0 dlms\src\gxget.o
                0x0000e170                getSNObjects
 .text.getSNAccessRights
                0x0000e330      0x1cc dlms\src\gxget.o
                0x0000e330                getSNAccessRights
 .text.cosem_getAssociationShortName
                0x0000e4fc      0x138 dlms\src\gxget.o
                0x0000e4fc                cosem_getAssociationShortName
 .text.cosem_getAutoAnswer
                0x0000e634      0x25c dlms\src\gxget.o
                0x0000e634                cosem_getAutoAnswer
 .text.cosem_getAutoConnect
                0x0000e890      0x274 dlms\src\gxget.o
                0x0000e890                cosem_getAutoConnect
 .text.cosem_getDemandRegister
                0x0000eb04      0x1d8 dlms\src\gxget.o
                0x0000eb04                cosem_getDemandRegister
 .text.cosem_getMacAddressSetup
                0x0000ecdc       0x3c dlms\src\gxget.o
                0x0000ecdc                cosem_getMacAddressSetup
 .text.cosem_getExtendedRegister
                0x0000ed18      0x15c dlms\src\gxget.o
                0x0000ed18                cosem_getExtendedRegister
 .text.cosem_getQualityOfService
                0x0000ee74       0xdc dlms\src\gxget.o
                0x0000ee74                cosem_getQualityOfService
 .text.cosem_getGprsSetup
                0x0000ef50       0xfc dlms\src\gxget.o
                0x0000ef50                cosem_getGprsSetup
 .text.cosem_getSecuritySetup
                0x0000f04c      0x2b0 dlms\src\gxget.o
                0x0000f04c                cosem_getSecuritySetup
 .text.cosem_getIecHdlcSetup
                0x0000f2fc       0xe4 dlms\src\gxget.o
                0x0000f2fc                cosem_getIecHdlcSetup
 .text.cosem_getIecLocalPortSetup
                0x0000f3e0       0xf8 dlms\src\gxget.o
                0x0000f3e0                cosem_getIecLocalPortSetup
 .text.cosem_getIP4Setup
                0x0000f4d8      0x2c4 dlms\src\gxget.o
                0x0000f4d8                cosem_getIP4Setup
 .text.cosem_getMbusSlavePortSetup
                0x0000f79c       0x88 dlms\src\gxget.o
                0x0000f79c                cosem_getMbusSlavePortSetup
 .text.cosem_getImageTransfer
                0x0000f824      0x29c dlms\src\gxget.o
                0x0000f824                cosem_getImageTransfer
 .text.getColumns
                0x0000fac0      0x1d8 dlms\src\gxget.o
                0x0000fac0                getColumns
 .text.getSelectedColumns
                0x0000fc98      0x170 dlms\src\gxget.o
                0x0000fc98                getSelectedColumns
 .text.cosem_getColumns
                0x0000fe08      0x1a4 dlms\src\gxget.o
                0x0000fe08                cosem_getColumns
 .text.cosem_getRow
                0x0000ffac      0x11c dlms\src\gxget.o
                0x0000ffac                cosem_getRow
 .text.profileGeneric_getData
                0x000100c8      0x16c dlms\src\gxget.o
                0x000100c8                profileGeneric_getData
 .text.getProfileGenericData
                0x00010234      0x550 dlms\src\gxget.o
                0x00010234                getProfileGenericData
 .text.cosem_getProfileGeneric
                0x00010784      0x2b4 dlms\src\gxget.o
                0x00010784                cosem_getProfileGeneric
 .text.cosem_getDisconnectControl
                0x00010a38       0x70 dlms\src\gxget.o
                0x00010a38                cosem_getDisconnectControl
 .text.cosem_getLimiter
                0x00010aa8      0x520 dlms\src\gxget.o
                0x00010aa8                cosem_getLimiter
 .text.cosem_getmMbusClient
                0x00010fc8      0x28c dlms\src\gxget.o
                0x00010fc8                cosem_getmMbusClient
 .text.cosem_getModemConfiguration
                0x00011254      0x25c dlms\src\gxget.o
                0x00011254                cosem_getModemConfiguration
 .text.cosem_getPppSetup
                0x000114b0      0x344 dlms\src\gxget.o
                0x000114b0                cosem_getPppSetup
 .text.cosem_getRegisterActivation
                0x000117f4      0x320 dlms\src\gxget.o
                0x000117f4                cosem_getRegisterActivation
 .text.cosem_getRegisterMonitor
                0x00011b14      0x2e8 dlms\src\gxget.o
                0x00011b14                cosem_getRegisterMonitor
 .text.cosem_getSapAssignment
                0x00011dfc      0x134 dlms\src\gxget.o
                0x00011dfc                cosem_getSapAssignment
 .text.cosem_getSchedule
                0x00011f30      0x328 dlms\src\gxget.o
                0x00011f30                cosem_getSchedule
 .text.cosem_getScriptTable
                0x00012258      0x234 dlms\src\gxget.o
                0x00012258                cosem_getScriptTable
 .text.cosem_getSpecialDaysTable
                0x0001248c      0x160 dlms\src\gxget.o
                0x0001248c                cosem_getSpecialDaysTable
 .text.cosem_getTcpUdpSetup
                0x000125ec       0xa4 dlms\src\gxget.o
                0x000125ec                cosem_getTcpUdpSetup
 .text.cosem_getMbusMasterPortSetup
                0x00012690       0x38 dlms\src\gxget.o
                0x00012690                cosem_getMbusMasterPortSetup
 .text.cosem_getMessageHandler
                0x000126c8      0x260 dlms\src\gxget.o
                0x000126c8                cosem_getMessageHandler
 .text.cosem_getPushSetup
                0x00012928      0x434 dlms\src\gxget.o
                0x00012928                cosem_getPushSetup
 .text.cosem_getZigbeeNetworkControl
                0x00012d5c      0x3a8 dlms\src\gxget.o
                0x00012d5c                cosem_getZigbeeNetworkControl
 .text.getUnitCharge
                0x00013104      0x254 dlms\src\gxget.o
                0x00013104                getUnitCharge
 .text.cosem_getCharge
                0x00013358      0x1d8 dlms\src\gxget.o
                0x00013358                cosem_getCharge
 .text.cosem_getTokenGateway
                0x00013530      0x240 dlms\src\gxget.o
                0x00013530                cosem_getTokenGateway
 .text.cosem_getCredit
                0x00013770      0x188 dlms\src\gxget.o
                0x00013770                cosem_getCredit
 .text.cosem_getAccount
                0x000138f8      0x788 dlms\src\gxget.o
                0x000138f8                cosem_getAccount
 .text.cosem_getCompactData
                0x00014080      0x13c dlms\src\gxget.o
                0x00014080                cosem_getCompactData
 .text.cosem_getValue
                0x000141bc      0x424 dlms\src\gxget.o
                0x000141bc                cosem_getValue
 .text.cosem_getGsmDiagnostic
                0x000145e0      0x394 dlms\src\gxget.o
                0x000145e0                cosem_getGsmDiagnostic
 .text.invoke_Charge
                0x00014974      0x110 dlms\src\gxinvoke.o
                0x00014974                invoke_Charge
 .text.invoke_Credit
                0x00014a84       0x6c dlms\src\gxinvoke.o
                0x00014a84                invoke_Credit
 .text.invoke_gxTokenGateway
                0x00014af0       0x54 dlms\src\gxinvoke.o
                0x00014af0                invoke_gxTokenGateway
 .text.invoke_AssociationLogicalName
                0x00014b44      0x364 dlms\src\gxinvoke.o
                0x00014b44                invoke_AssociationLogicalName
 .text.invoke_ImageTransfer
                0x00014ea8      0x228 dlms\src\gxinvoke.o
                0x00014ea8                invoke_ImageTransfer
 .text.invoke_SapAssigment
                0x000150d0      0x134 dlms\src\gxinvoke.o
                0x000150d0                invoke_SapAssigment
 .text.invoke_AssociationShortName
                0x00015204      0x150 dlms\src\gxinvoke.o
                0x00015204                invoke_AssociationShortName
 .text.invoke_ScriptTable
                0x00015354       0xb4 dlms\src\gxinvoke.o
                0x00015354                invoke_ScriptTable
 .text.invoke_zigbeeNetworkControl
                0x00015408      0x120 dlms\src\gxinvoke.o
                0x00015408                invoke_zigbeeNetworkControl
 .text.invoke_ExtendedRegister
                0x00015528       0x4c dlms\src\gxinvoke.o
                0x00015528                invoke_ExtendedRegister
 .text.invoke_Clock
                0x00015574      0x180 dlms\src\gxinvoke.o
                0x00015574                invoke_Clock
 .text.invoke_Register
                0x000156f4       0x34 dlms\src\gxinvoke.o
                0x000156f4                invoke_Register
 .text.capture  0x00015728      0x150 dlms\src\gxinvoke.o
                0x00015728                capture
 .text.invoke_ProfileGeneric
                0x00015878       0x48 dlms\src\gxinvoke.o
                0x00015878                invoke_ProfileGeneric
 .text.compactDataAppend
                0x000158c0       0x68 dlms\src\gxinvoke.o
                0x000158c0                compactDataAppend
 .text.compactDataAppendArray
                0x00015928       0xc8 dlms\src\gxinvoke.o
                0x00015928                compactDataAppendArray
 .text.cosem_captureCompactData
                0x000159f0      0x1cc dlms\src\gxinvoke.o
                0x000159f0                cosem_captureCompactData
 .text.invoke_CompactData
                0x00015bbc       0x4c dlms\src\gxinvoke.o
                0x00015bbc                invoke_CompactData
 .text.cosem_invoke
                0x00015c08      0x314 dlms\src\gxinvoke.o
                0x00015c08                cosem_invoke
 .text.key_init
                0x00015f1c       0x2c dlms\src\gxkey.o
                0x00015f1c                key_init
 .text.gxmd5_F  0x00015f48       0x28 dlms\src\gxmd5.o
                0x00015f48                gxmd5_F
 .text.gxmd5_G  0x00015f70       0x28 dlms\src\gxmd5.o
                0x00015f70                gxmd5_G
 .text.gxmd5_H  0x00015f98       0x20 dlms\src\gxmd5.o
                0x00015f98                gxmd5_H
 .text.gxmd5_I  0x00015fb8       0x24 dlms\src\gxmd5.o
                0x00015fb8                gxmd5_I
 .text.gxmd5_rotate_left
                0x00015fdc       0x20 dlms\src\gxmd5.o
                0x00015fdc                gxmd5_rotate_left
 .text.gxmd5_FF
                0x00015ffc       0x44 dlms\src\gxmd5.o
                0x00015ffc                gxmd5_FF
 .text.gxmd5_GG
                0x00016040       0x44 dlms\src\gxmd5.o
                0x00016040                gxmd5_GG
 .text.gxmd5_HH
                0x00016084       0x44 dlms\src\gxmd5.o
                0x00016084                gxmd5_HH
 .text.gxmd5_II
                0x000160c8       0x44 dlms\src\gxmd5.o
                0x000160c8                gxmd5_II
 .text.gxmd5_decode
                0x0001610c       0x74 dlms\src\gxmd5.o
                0x0001610c                gxmd5_decode
 .text.gxmd5_encode
                0x00016180       0x9c dlms\src\gxmd5.o
                0x00016180                gxmd5_encode
 .text.gxmd5_transform
                0x0001621c      0x8fc dlms\src\gxmd5.o
                0x0001621c                gxmd5_transform
 .text.gxmd5_update
                0x00016b18       0xcc dlms\src\gxmd5.o
                0x00016b18                gxmd5_update
 .text.gxmd5_encrypt
                0x00016be4       0xd0 dlms\src\gxmd5.o
                0x00016be4                gxmd5_encrypt
 .text.obj_clearProfileGenericBuffer
                0x00016cb4       0x54 dlms\src\gxobjects.o
                0x00016cb4                obj_clearProfileGenericBuffer
 .text.obj_clearPushObjectList
                0x00016d08       0x54 dlms\src\gxobjects.o
                0x00016d08                obj_clearPushObjectList
 .text.obj_clearCreditChargeConfigurations
                0x00016d5c       0x6c dlms\src\gxobjects.o
                0x00016d5c                obj_clearCreditChargeConfigurations
 .text.obj_clearTokenGatewayConfigurations
                0x00016dc8       0x58 dlms\src\gxobjects.o
                0x00016dc8                obj_clearTokenGatewayConfigurations
 .text.obj_clearSapList
                0x00016e20       0x58 dlms\src\gxobjects.o
                0x00016e20                obj_clearSapList
 .text.obj_clearProfileGenericCaptureObjects
                0x00016e78       0x58 dlms\src\gxobjects.o
                0x00016e78                obj_clearProfileGenericCaptureObjects
 .text.obj_clearSeasonProfile
                0x00016ed0       0x60 dlms\src\gxobjects.o
                0x00016ed0                obj_clearSeasonProfile
 .text.obj_clearWeekProfileTable
                0x00016f30       0x58 dlms\src\gxobjects.o
                0x00016f30                obj_clearWeekProfileTable
 .text.obj_clearDayProfileTable
                0x00016f88       0x8c dlms\src\gxobjects.o
                0x00016f88                obj_clearDayProfileTable
 .text.obj_clearRegisterMonitorActions
                0x00017014       0x18 dlms\src\gxobjects.o
                0x00017014                obj_clearRegisterMonitorActions
 .text.obj_clearModemConfigurationInitialisationStrings
                0x0001702c       0x60 dlms\src\gxobjects.o
                0x0001702c                obj_clearModemConfigurationInitialisationStrings
 .text.obj_clearScriptTable
                0x0001708c       0x98 dlms\src\gxobjects.o
                0x0001708c                obj_clearScriptTable
 .text.obj_clearRegisterActivationAssignment
                0x00017124       0x18 dlms\src\gxobjects.o
                0x00017124                obj_clearRegisterActivationAssignment
 .text.obj_clearRegisterActivationMaskList
                0x0001713c       0x64 dlms\src\gxobjects.o
                0x0001713c                obj_clearRegisterActivationMaskList
 .text.obj_clearIP4SetupOptions
                0x000171a0       0x58 dlms\src\gxobjects.o
                0x000171a0                obj_clearIP4SetupOptions
 .text.obj_clearPPPSetupIPCPOptions
                0x000171f8       0x58 dlms\src\gxobjects.o
                0x000171f8                obj_clearPPPSetupIPCPOptions
 .text.obj_clearPPPSetupLCPOptions
                0x00017250       0x58 dlms\src\gxobjects.o
                0x00017250                obj_clearPPPSetupLCPOptions
 .text.obj_clearActiveDevices
                0x000172a8       0x60 dlms\src\gxobjects.o
                0x000172a8                obj_clearActiveDevices
 .text.obj_clearChargeTables
                0x00017308       0x58 dlms\src\gxobjects.o
                0x00017308                obj_clearChargeTables
 .text.obj_clearUserList
                0x00017360       0x58 dlms\src\gxobjects.o
                0x00017360                obj_clearUserList
 .text.obj_clearCertificateInfo
                0x000173b8       0x70 dlms\src\gxobjects.o
                0x000173b8                obj_clearCertificateInfo
 .text.obj_clear
                0x00017428      0x66c dlms\src\gxobjects.o
                0x00017428                obj_clear
 .text.obj_attributeCount
                0x00017a94      0x2e8 dlms\src\gxobjects.o
                0x00017a94                obj_attributeCount
 .text.obj_methodCount
                0x00017d7c      0x2cc dlms\src\gxobjects.o
                0x00017d7c                obj_methodCount
 .text.obj_updateAttributeAccessModes
                0x00018048      0x238 dlms\src\gxobjects.o
                0x00018048                obj_updateAttributeAccessModes
 .text.cosem_setData
                0x00018280       0x30 dlms\src\gxset.o
                0x00018280                cosem_setData
 .text.cosem_setRegister
                0x000182b0       0xac dlms\src\gxset.o
                0x000182b0                cosem_setRegister
 .text.cosem_setRegistertable
                0x0001835c       0xa0 dlms\src\gxset.o
                0x0001835c                cosem_setRegistertable
 .text.cosem_setClock
                0x000183fc      0x1b0 dlms\src\gxset.o
                0x000183fc                cosem_setClock
 .text.updateSeasonProfile
                0x000185ac      0x160 dlms\src\gxset.o
                0x000185ac                updateSeasonProfile
 .text.updateWeekProfileTable
                0x0001870c      0x20c dlms\src\gxset.o
                0x0001870c                updateWeekProfileTable
 .text.updateDayProfileTableActive
                0x00018918      0x204 dlms\src\gxset.o
                0x00018918                updateDayProfileTableActive
 .text.cosem_setActivityCalendar
                0x00018b1c      0x190 dlms\src\gxset.o
                0x00018b1c                cosem_setActivityCalendar
 .text.cosem_setActionSchedule
                0x00018cac      0x1c8 dlms\src\gxset.o
                0x00018cac                cosem_setActionSchedule
 .text.cosem_setAssociationLogicalName
                0x00018e74      0xdf4 dlms\src\gxset.o
                0x00018e74                cosem_setAssociationLogicalName
 .text.updateSNAccessRights
                0x00019c68       0xac dlms\src\gxset.o
                0x00019c68                updateSNAccessRights
 .text.cosem_setAssociationShortName
                0x00019d14      0x1d0 dlms\src\gxset.o
                0x00019d14                cosem_setAssociationShortName
 .text.cosem_setAutoAnswer
                0x00019ee4      0x1f0 dlms\src\gxset.o
                0x00019ee4                cosem_setAutoAnswer
 .text.cosem_setAutoConnect
                0x0001a0d4      0x228 dlms\src\gxset.o
                0x0001a0d4                cosem_setAutoConnect
 .text.cosem_setDemandRegister
                0x0001a2fc      0x264 dlms\src\gxset.o
                0x0001a2fc                cosem_setDemandRegister
 .text.cosem_setMacAddressSetup
                0x0001a560       0x50 dlms\src\gxset.o
                0x0001a560                cosem_setMacAddressSetup
 .text.cosem_setExtendedRegister
                0x0001a5b0      0x120 dlms\src\gxset.o
                0x0001a5b0                cosem_setExtendedRegister
 .text.cosem_setGprsSetup
                0x0001a6d0      0x28c dlms\src\gxset.o
                0x0001a6d0                cosem_setGprsSetup
 .text.cosem_setSecuritySetup
                0x0001a95c      0x3a0 dlms\src\gxset.o
                0x0001a95c                cosem_setSecuritySetup
 .text.cosem_setIecHdlcSetup
                0x0001acfc       0xd0 dlms\src\gxset.o
                0x0001acfc                cosem_setIecHdlcSetup
 .text.cosem_setIecLocalPortSetup
                0x0001adcc      0x148 dlms\src\gxset.o
                0x0001adcc                cosem_setIecLocalPortSetup
 .text.cosem_setIP4Setup
                0x0001af14      0x244 dlms\src\gxset.o
                0x0001af14                cosem_setIP4Setup
 .text.cosem_setMbusSlavePortSetup
                0x0001b158       0x78 dlms\src\gxset.o
                0x0001b158                cosem_setMbusSlavePortSetup
 .text.cosem_setDisconnectControl
                0x0001b1d0       0x5c dlms\src\gxset.o
                0x0001b1d0                cosem_setDisconnectControl
 .text.cosem_setLimiter
                0x0001b22c      0x378 dlms\src\gxset.o
                0x0001b22c                cosem_setLimiter
 .text.cosem_setmMbusClient
                0x0001b5a4      0x21c dlms\src\gxset.o
                0x0001b5a4                cosem_setmMbusClient
 .text.cosem_setModemConfiguration
                0x0001b7c0      0x1cc dlms\src\gxset.o
                0x0001b7c0                cosem_setModemConfiguration
 .text.cosem_setPppSetup
                0x0001b98c      0x30c dlms\src\gxset.o
                0x0001b98c                cosem_setPppSetup
 .text.cosem_setRegisterActivation
                0x0001bc98      0x234 dlms\src\gxset.o
                0x0001bc98                cosem_setRegisterActivation
 .text.cosem_setRegisterMonitor
                0x0001becc      0x2a8 dlms\src\gxset.o
                0x0001becc                cosem_setRegisterMonitor
 .text.cosem_setSapAssignment
                0x0001c174       0xf0 dlms\src\gxset.o
                0x0001c174                cosem_setSapAssignment
 .text.cosem_setSchedule
                0x0001c264      0x2c4 dlms\src\gxset.o
                0x0001c264                cosem_setSchedule
 .text.cosem_setScriptTable
                0x0001c528      0x3bc dlms\src\gxset.o
                0x0001c528                cosem_setScriptTable
 .text.cosem_setSpecialDaysTable
                0x0001c8e4      0x13c dlms\src\gxset.o
                0x0001c8e4                cosem_setSpecialDaysTable
 .text.cosem_setTcpUdpSetup
                0x0001ca20       0xac dlms\src\gxset.o
                0x0001ca20                cosem_setTcpUdpSetup
 .text.cosem_setMbusMasterPortSetup
                0x0001cacc       0x34 dlms\src\gxset.o
                0x0001cacc                cosem_setMbusMasterPortSetup
 .text.cosem_setMessageHandler
                0x0001cb00      0x1f8 dlms\src\gxset.o
                0x0001cb00                cosem_setMessageHandler
 .text.cosem_setPushSetup
                0x0001ccf8      0x3d8 dlms\src\gxset.o
                0x0001ccf8                cosem_setPushSetup
 .text.setUnitCharge
                0x0001d0d0      0x234 dlms\src\gxset.o
                0x0001d0d0                setUnitCharge
 .text.cosem_setCharge
                0x0001d304      0x1cc dlms\src\gxset.o
                0x0001d304                cosem_setCharge
 .text.cosem_setCredit
                0x0001d4d0      0x130 dlms\src\gxset.o
                0x0001d4d0                cosem_setCredit
 .text.cosem_setAccount
                0x0001d600      0x5f8 dlms\src\gxset.o
                0x0001d600                cosem_setAccount
 .text.cosem_setImageTransfer
                0x0001dbf8      0x1ec dlms\src\gxset.o
                0x0001dbf8                cosem_setImageTransfer
 .text.setCaptureObjects
                0x0001dde4      0x1ac dlms\src\gxset.o
                0x0001dde4                setCaptureObjects
 .text.cosem_setProfileGeneric
                0x0001df90      0x484 dlms\src\gxset.o
                0x0001df90                cosem_setProfileGeneric
 .text.cosem_setGsmDiagnostic
                0x0001e414      0x3d8 dlms\src\gxset.o
                0x0001e414                cosem_setGsmDiagnostic
 .text.cosem_setTokenGateway
                0x0001e7ec      0x1e8 dlms\src\gxset.o
                0x0001e7ec                cosem_setTokenGateway
 .text.compactData_updateTemplateDescription
                0x0001e9d4      0x540 dlms\src\gxset.o
                0x0001e9d4                compactData_updateTemplateDescription
 .text.cosem_setCompactData
                0x0001ef14      0x100 dlms\src\gxset.o
                0x0001ef14                cosem_setCompactData
 .text.cosem_setValue
                0x0001f014      0x588 dlms\src\gxset.o
                0x0001f014                cosem_setValue
 .text.gxsha1_transform
                0x0001f59c     0x185c dlms\src\gxsha1.o
                0x0001f59c                gxsha1_transform
 .text.gxsha1_update
                0x00020df8       0x58 dlms\src\gxsha1.o
                0x00020df8                gxsha1_update
 .text.gxsha1_final
                0x00020e50      0x128 dlms\src\gxsha1.o
                0x00020e50                gxsha1_final
 .text.gxsha1_encrypt
                0x00020f78       0x4c dlms\src\gxsha1.o
                0x00020f78                gxsha1_encrypt
 .text.gxsha256_transform
                0x00020fc4      0x358 dlms\src\gxsha256.o
                0x00020fc4                gxsha256_transform
 .text.gxsha256_update
                0x0002131c       0xcc dlms\src\gxsha256.o
                0x0002131c                gxsha256_update
 .text.gxsha256_final
                0x000213e8      0x118 dlms\src\gxsha256.o
                0x000213e8                gxsha256_final
 .text.gxsha256_encrypt
                0x00021500       0x80 dlms\src\gxsha256.o
                0x00021500                gxsha256_encrypt
 .text.vec_init
                0x00021580       0x2c dlms\src\gxvalueeventargs.o
                0x00021580                vec_init
 .text.vec_push
                0x000215ac       0x7c dlms\src\gxvalueeventargs.o
                0x000215ac                vec_push
 .text.vec_empty
                0x00021628       0x3c dlms\src\gxvalueeventargs.o
                0x00021628                vec_empty
 .text.vec_clear
                0x00021664       0x78 dlms\src\gxvalueeventargs.o
                0x00021664                vec_clear
 .text.vec_getByIndex
                0x000216dc       0x3c dlms\src\gxvalueeventargs.o
                0x000216dc                vec_getByIndex
 .text.ve_init  0x00021718       0x80 dlms\src\gxvalueeventargs.o
                0x00021718                ve_init
 .text.ve_clear
                0x00021798       0x80 dlms\src\gxvalueeventargs.o
                0x00021798                ve_clear
 .text.hlp_getObjectCountSizeInBytes
                0x00021818       0x34 dlms\src\helpers.o
                0x00021818                hlp_getObjectCountSizeInBytes
 .text.hlp_getObjectCount2
                0x0002184c       0x90 dlms\src\helpers.o
                0x0002184c                hlp_getObjectCount2
 .text.hlp_setObjectCount
                0x000218dc       0x94 dlms\src\helpers.o
                0x000218dc                hlp_setObjectCount
 .text.hlp_bytesToHex
                0x00021970       0xdc dlms\src\helpers.o
                0x00021970                hlp_bytesToHex
 .text.getValue
                0x00021a4c       0x38 dlms\src\helpers.o
                0x00021a4c                getValue
 .text.hlp_hexToBytes
                0x00021a84      0x160 dlms\src\helpers.o
                0x00021a84                hlp_hexToBytes
 .text.hlp_getScaler
                0x00021be4       0x20 dlms\src\helpers.o
                0x00021be4                hlp_getScaler
 .text.hlp_intToString
                0x00021c04       0xd8 dlms\src\helpers.o
                0x00021c04                hlp_intToString
 .text.hlp_stringToInt
                0x00021cdc       0x84 dlms\src\helpers.o
                0x00021cdc                hlp_stringToInt
 .text.hlp_int64ToString
                0x00021d60       0xf8 dlms\src\helpers.o
                0x00021d60                hlp_int64ToString
 .text.hlp_stringToInt64
                0x00021e58       0x98 dlms\src\helpers.o
                0x00021e58                hlp_stringToInt64
 .text.hlp_rand
                0x00021ef0       0x64 dlms\src\helpers.o
                0x00021ef0                hlp_rand
 .text.oa_init  0x00021f54       0x2c dlms\src\objectarray.o
                0x00021f54                oa_init
 .text.oa_isAttached
                0x00021f80       0x20 dlms\src\objectarray.o
                0x00021f80                oa_isAttached
 .text.oa_getCapacity
                0x00021fa0       0x1c dlms\src\objectarray.o
                0x00021fa0                oa_getCapacity
 .text.oa_capacity
                0x00021fbc       0x5c dlms\src\objectarray.o
                0x00021fbc                oa_capacity
 .text.oa_attach
                0x00022018       0x38 dlms\src\objectarray.o
                0x00022018                oa_attach
 .text.oa_push  0x00022050       0xa4 dlms\src\objectarray.o
                0x00022050                oa_push
 .text.oa_copy  0x000220f4       0x5c dlms\src\objectarray.o
                0x000220f4                oa_copy
 .text.oa_clear
                0x00022150       0xa8 dlms\src\objectarray.o
                0x00022150                oa_clear
 .text.oa_empty
                0x000221f8       0x48 dlms\src\objectarray.o
                0x000221f8                oa_empty
 .text.oa_getByIndex
                0x00022240       0x3c dlms\src\objectarray.o
                0x00022240                oa_getByIndex
 .text.oa_findBySN
                0x0002227c       0x6c dlms\src\objectarray.o
                0x0002227c                oa_findBySN
 .text.oa_findByLN
                0x000222e8       0x94 dlms\src\objectarray.o
                0x000222e8                oa_findByLN
 .text.params_initSN
                0x0002237c       0x64 dlms\src\parameters.o
                0x0002237c                params_initSN
 .text.params_initLN
                0x000223e0       0x9c dlms\src\parameters.o
                0x000223e0                params_initLN
 .text.reply_init
                0x0002247c       0x84 dlms\src\replydata.o
                0x0002247c                reply_init
 .text.reply_clear2
                0x00022500       0x98 dlms\src\replydata.o
                0x00022500                reply_clear2
 .text.svr_copyAssociationView
                0x00022598       0x88 dlms\src\server.o
                0x00022598                svr_copyAssociationView
 .text.svr_initialize
                0x00022620      0x1bc dlms\src\server.o
                0x00022620                svr_initialize
 .text.svr_updateShortNames
                0x000227dc       0xe4 dlms\src\server.o
                0x000227dc                svr_updateShortNames
 .text.svr_setInitialize
                0x000228c0       0xb8 dlms\src\server.o
                0x000228c0                svr_setInitialize
 .text.svr_reset
                0x00022978       0x48 dlms\src\server.o
                0x00022978                svr_reset
 .text.svr_HandleAarqRequest
                0x000229c0      0x3a0 dlms\src\server.o
                0x000229c0                svr_HandleAarqRequest
 .text.svr_handleSnrmRequest
                0x00022d60      0x1b0 dlms\src\server.o
                0x00022d60                svr_handleSnrmRequest
 .text.svr_generateDisconnectRequest
                0x00022f10       0xc8 dlms\src\server.o
                0x00022f10                svr_generateDisconnectRequest
 .text.svr_reportError
                0x00022fd8      0x1a0 dlms\src\server.o
                0x00022fd8                svr_reportError
 .text.svr_handleSetRequest2
                0x00023178      0x334 dlms\src\server.o
                0x00023178                svr_handleSetRequest2
 .text.svr_hanleSetRequestWithDataBlock
                0x000234ac      0x164 dlms\src\server.o
                0x000234ac                svr_hanleSetRequestWithDataBlock
 .text.svr_generateConfirmedServiceError
                0x00023610       0x64 dlms\src\server.o
                0x00023610                svr_generateConfirmedServiceError
 .text.svr_handleSetRequest
                0x00023674      0x11c dlms\src\server.o
                0x00023674                svr_handleSetRequest
 .text.svr_getRequestNormal
                0x00023790      0x3d4 dlms\src\server.o
                0x00023790                svr_getRequestNormal
 .text.svr_getRequestNextDataBlock
                0x00023b64      0x24c dlms\src\server.o
                0x00023b64                svr_getRequestNextDataBlock
 .text.svr_getRequestWithList
                0x00023db0      0x36c dlms\src\server.o
                0x00023db0                svr_getRequestWithList
 .text.svr_handleGetRequest
                0x0002411c      0x120 dlms\src\server.o
                0x0002411c                svr_handleGetRequest
 .text.svr_findSNObject
                0x0002423c      0x114 dlms\src\server.o
                0x0002423c                svr_findSNObject
 .text.svr_handleRead
                0x00024350      0x14c dlms\src\server.o
                0x00024350                svr_handleRead
 .text.svr_getReadData
                0x0002449c      0x190 dlms\src\server.o
                0x0002449c                svr_getReadData
 .text.svr_handleReadBlockNumberAccess
                0x0002462c      0x260 dlms\src\server.o
                0x0002462c                svr_handleReadBlockNumberAccess
 .text.svr_handleReadDataBlockAccess
                0x0002488c      0x2ac dlms\src\server.o
                0x0002488c                svr_handleReadDataBlockAccess
 .text.svr_returnSNError
                0x00024b38       0x70 dlms\src\server.o
                0x00024b38                svr_returnSNError
 .text.svr_handleReadRequest
                0x00024ba8      0x314 dlms\src\server.o
                0x00024ba8                svr_handleReadRequest
 .text.svr_handleWriteRequest
                0x00024ebc      0x3f4 dlms\src\server.o
                0x00024ebc                svr_handleWriteRequest
 .text.svr_handleMethodRequest
                0x000252b0      0x2e8 dlms\src\server.o
                0x000252b0                svr_handleMethodRequest
 .text.svr_handleReleaseRequest
                0x00025598       0xdc dlms\src\server.o
                0x00025598                svr_handleReleaseRequest
 .text.svr_handleCommand
                0x00025674      0x1f4 dlms\src\server.o
                0x00025674                svr_handleCommand
 .text.svr_handleRequest3
                0x00025868       0x28 dlms\src\server.o
                0x00025868                svr_handleRequest3
 .text.svr_handleRequest2
                0x00025890      0x660 dlms\src\server.o
                0x00025890                svr_handleRequest2
 .text.var_setEnum
                0x00025ef0       0x28 dlms\src\variant.o
                0x00025ef0                var_setEnum
 .text.var_setUInt8
                0x00025f18       0x28 dlms\src\variant.o
                0x00025f18                var_setUInt8
 .text.var_setUInt16
                0x00025f40       0x28 dlms\src\variant.o
                0x00025f40                var_setUInt16
 .text.var_setUInt32
                0x00025f68       0x28 dlms\src\variant.o
                0x00025f68                var_setUInt32
 .text.var_setInt8
                0x00025f90       0x2c dlms\src\variant.o
                0x00025f90                var_setInt8
 .text.var_setInt16
                0x00025fbc       0x28 dlms\src\variant.o
                0x00025fbc                var_setInt16
 .text.var_setInt32
                0x00025fe4       0x28 dlms\src\variant.o
                0x00025fe4                var_setInt32
 .text.var_setDouble
                0x0002600c       0x2c dlms\src\variant.o
                0x0002600c                var_setDouble
 .text.var_addBytes
                0x00026038       0x60 dlms\src\variant.o
                0x00026038                var_addBytes
 .text.var_setString
                0x00026098       0x58 dlms\src\variant.o
                0x00026098                var_setString
 .text.var_addOctetString
                0x000260f0       0x38 dlms\src\variant.o
                0x000260f0                var_addOctetString
 .text.var_init
                0x00026128       0x20 dlms\src\variant.o
                0x00026128                var_init
 .text.var_clear
                0x00026148      0x114 dlms\src\variant.o
                0x00026148                var_clear
 .text.var_getDateTime2
                0x0002625c      0x20c dlms\src\variant.o
                0x0002625c                var_getDateTime2
 .text.var_getDate
                0x00026468       0xd8 dlms\src\variant.o
                0x00026468                var_getDate
 .text.var_getTime
                0x00026540       0xbc dlms\src\variant.o
                0x00026540                var_getTime
 .text.var_getBytes
                0x000265fc       0x24 dlms\src\variant.o
                0x000265fc                var_getBytes
 .text.var_setOctetString
                0x00026620       0xa8 dlms\src\variant.o
                0x00026620                var_setOctetString
 .text.var_getBytes2
                0x000266c8      0x340 dlms\src\variant.o
                0x000266c8                var_getBytes2
 .text.var_getSize
                0x00026a08       0xc4 dlms\src\variant.o
                0x00026a08                var_getSize
 .text.var_toInteger
                0x00026acc       0xe8 dlms\src\variant.o
                0x00026acc                var_toInteger
 .text.va_isAttached
                0x00026bb4       0x20 dlms\src\variant.o
                0x00026bb4                va_isAttached
 .text.va_getCapacity
                0x00026bd4       0x1c dlms\src\variant.o
                0x00026bd4                va_getCapacity
 .text.va_init  0x00026bf0       0x2c dlms\src\variant.o
                0x00026bf0                va_init
 .text.va_capacity
                0x00026c1c       0x80 dlms\src\variant.o
                0x00026c1c                va_capacity
 .text.va_push  0x00026c9c       0xa8 dlms\src\variant.o
                0x00026c9c                va_push
 .text.va_clear
                0x00026d44       0x8c dlms\src\variant.o
                0x00026d44                va_clear
 .text.va_attach
                0x00026dd0       0x50 dlms\src\variant.o
                0x00026dd0                va_attach
 .text.va_get   0x00026e20       0x4c dlms\src\variant.o
                0x00026e20                va_get
 .text.va_getByIndex
                0x00026e6c       0x40 dlms\src\variant.o
                0x00026e6c                va_getByIndex
 .text.var_toString
                0x00026eac       0x6c dlms\src\variant.o
                0x00026eac                var_toString
 .text.convert  0x00026f18      0xa98 dlms\src\variant.o
 .text.var_changeType
                0x000279b0      0x3c4 dlms\src\variant.o
                0x000279b0                var_changeType
 .text.var_copy
                0x00027d74      0x2a0 dlms\src\variant.o
                0x00027d74                var_copy
 .text.var_setDateTime
                0x00028014       0x48 dlms\src\variant.o
                0x00028014                var_setDateTime
 .text.var_setDate
                0x0002805c       0x48 dlms\src\variant.o
                0x0002805c                var_setDate
 .text.var_setTime
                0x000280a4       0x48 dlms\src\variant.o
                0x000280a4                var_setTime
 .text.var_setDateTimeAsOctetString
                0x000280ec       0x68 dlms\src\variant.o
                0x000280ec                var_setDateTimeAsOctetString
 .text.var_setTimeAsOctetString
                0x00028154       0x68 dlms\src\variant.o
                0x00028154                var_setTimeAsOctetString
 .text.var_setBoolean
                0x000281bc       0x34 dlms\src\variant.o
                0x000281bc                var_setBoolean
 .text.var_attach
                0x000281f0       0x6c dlms\src\variant.o
                0x000281f0                var_attach
 .text.var_toDouble
                0x0002825c      0x18c dlms\src\variant.o
                0x0002825c                var_toDouble
 .text.readVoltage
                0x000283e8       0x74 energymeter\LT_energymeter.o
                0x000283e8                readVoltage
 .text.readCurrent
                0x0002845c       0x68 energymeter\LT_energymeter.o
                0x0002845c                readCurrent
 .text.readTotalActivePower
                0x000284c4       0x60 energymeter\LT_energymeter.o
                0x000284c4                readTotalActivePower
 .text.readTotalApparentPower
                0x00028524       0x60 energymeter\LT_energymeter.o
                0x00028524                readTotalApparentPower
 .text.readTotalPowerFactor
                0x00028584       0x60 energymeter\LT_energymeter.o
                0x00028584                readTotalPowerFactor
 .text.readLineFrequency
                0x000285e4       0x60 energymeter\LT_energymeter.o
                0x000285e4                readLineFrequency
 .text.energy_meter_init
                0x00028644        0xc energymeter\LT_energymeter.o
                0x00028644                energy_meter_init
 .text.initTimer0
                0x00028650       0x4c modbus\modbus.o
                0x00028650                initTimer0
 .text.delayMS  0x0002869c       0x38 modbus\modbus.o
                0x0002869c                delayMS
 .text.calculate_crc16
                0x000286d4       0x78 modbus\modbus.o
                0x000286d4                calculate_crc16
 .text.construct_rtu_req
                0x0002874c       0x6c modbus\modbus.o
                0x0002874c                construct_rtu_req
 .text.get_time_out_value
                0x000287b8       0x1c modbus\modbus.o
                0x000287b8                get_time_out_value
 .text.get_time_out_count
                0x000287d4       0x20 modbus\modbus.o
                0x000287d4                get_time_out_count
 .text.read_modbus_reg
                0x000287f4      0x1a4 modbus\modbus.o
                0x000287f4                read_modbus_reg
 .text.modbus_master_init
                0x00028998       0x30 modbus\modbus.o
                0x00028998                modbus_master_init
 .text.modbus_uart_send
                0x000289c8       0x30 modbus\modbus.o
                0x000289c8                modbus_uart_send
 .text.UART1_IRQHandler
                0x000289f8       0xc0 modbus\modbus.o
                0x000289f8                UART1_IRQHandler
 .text.time_current
                0x00028ab8       0x10 src\main.o
                0x00028ab8                time_current
 .text.time_elapsed
                0x00028ac8       0x10 src\main.o
                0x00028ac8                time_elapsed
 .text.time_now
                0x00028ad8       0x14 src\main.o
                0x00028ad8                time_now
 .text.addAssociation
                0x00028aec       0x5c src\main.o
                0x00028aec                addAssociation
 .text.addLogicalDeviceName
                0x00028b48       0x68 src\main.o
                0x00028b48                addLogicalDeviceName
 .text.addPfRegisterObject
                0x00028bb0       0x4c src\main.o
                0x00028bb0                addPfRegisterObject
 .text.addl1VoltageRegisterObject
                0x00028bfc       0x4c src\main.o
                0x00028bfc                addl1VoltageRegisterObject
 .text.addl2VoltageRegisterObject
                0x00028c48       0x4c src\main.o
                0x00028c48                addl2VoltageRegisterObject
 .text.addl3VoltageRegisterObject
                0x00028c94       0x4c src\main.o
                0x00028c94                addl3VoltageRegisterObject
 .text.addl1CurrentRegisterObject
                0x00028ce0       0x4c src\main.o
                0x00028ce0                addl1CurrentRegisterObject
 .text.addl2CurrentRegisterObject
                0x00028d2c       0x4c src\main.o
                0x00028d2c                addl2CurrentRegisterObject
 .text.addl3CurrentRegisterObject
                0x00028d78       0x4c src\main.o
                0x00028d78                addl3CurrentRegisterObject
 .text.addKwhRegisterObject
                0x00028dc4       0x4c src\main.o
                0x00028dc4                addKwhRegisterObject
 .text.addKvahRegisterObject
                0x00028e10       0x4c src\main.o
                0x00028e10                addKvahRegisterObject
 .text.addlineFreq
                0x00028e5c       0x4c src\main.o
                0x00028e5c                addlineFreq
 .text.svr_InitObjects
                0x00028ea8       0x54 src\main.o
                0x00028ea8                svr_InitObjects
 .text.svr_findObject
                0x00028efc       0x2c src\main.o
                0x00028efc                svr_findObject
 .text.svr_preRead
                0x00028f28      0x27c src\main.o
                0x00028f28                svr_preRead
 .text.svr_preWrite
                0x000291a4       0x44 src\main.o
                0x000291a4                svr_preWrite
 .text.svr_preAction
                0x000291e8       0x44 src\main.o
                0x000291e8                svr_preAction
 .text.svr_postRead
                0x0002922c       0x14 src\main.o
                0x0002922c                svr_postRead
 .text.svr_postWrite
                0x00029240       0x14 src\main.o
                0x00029240                svr_postWrite
 .text.svr_postAction
                0x00029254       0x44 src\main.o
                0x00029254                svr_postAction
 .text.svr_isTarget
                0x00029298       0x78 src\main.o
                0x00029298                svr_isTarget
 .text.svr_validateAuthentication
                0x00029310       0x24 src\main.o
                0x00029310                svr_validateAuthentication
 .text.svr_getAttributeAccess
                0x00029334       0x4c src\main.o
                0x00029334                svr_getAttributeAccess
 .text.svr_getMethodAccess
                0x00029380       0x44 src\main.o
                0x00029380                svr_getMethodAccess
 .text.svr_connected
                0x000293c4       0x14 src\main.o
                0x000293c4                svr_connected
 .text.svr_invalidConnection
                0x000293d8       0x14 src\main.o
                0x000293d8                svr_invalidConnection
 .text.svr_disconnected
                0x000293ec       0x14 src\main.o
                0x000293ec                svr_disconnected
 .text.UART3_IRQHandler
                0x00029400      0x14c src\main.o
                0x00029400                UART3_IRQHandler
 .text.main     0x0002954c       0xbc src\main.o
                0x0002954c                main
 .text.Reset_Handler
                0x00029608       0x50 src\startup_LPC17xx.o
                0x00029608                Reset_Handler
 .text.Default_Handler
                0x00029658        0x2 src\startup_LPC17xx.o
                0x00029658                TIMER2_IRQHandler
                0x00029658                DebugMon_Handler
                0x00029658                RIT_IRQHandler
                0x00029658                I2C0_IRQHandler
                0x00029658                HardFault_Handler
                0x00029658                USBActivity_IRQHandler
                0x00029658                PWM1_IRQHandler
                0x00029658                PendSV_Handler
                0x00029658                NMI_Handler
                0x00029658                I2C1_IRQHandler
                0x00029658                EINT2_IRQHandler
                0x00029658                EINT3_IRQHandler
                0x00029658                CANActivity_IRQHandler
                0x00029658                TIMER3_IRQHandler
                0x00029658                UART0_IRQHandler
                0x00029658                UsageFault_Handler
                0x00029658                PLL0_IRQHandler
                0x00029658                CAN_IRQHandler
                0x00029658                PLL1_IRQHandler
                0x00029658                SSP0_IRQHandler
                0x00029658                I2S_IRQHandler
                0x00029658                I2C2_IRQHandler
                0x00029658                RTC_IRQHandler
                0x00029658                TIMER0_IRQHandler
                0x00029658                SPI_IRQHandler
                0x00029658                EINT1_IRQHandler
                0x00029658                TIMER1_IRQHandler
                0x00029658                UART2_IRQHandler
                0x00029658                Default_Handler
                0x00029658                ADC_IRQHandler
                0x00029658                SSP1_IRQHandler
                0x00029658                USB_IRQHandler
                0x00029658                BOD_IRQHandler
                0x00029658                MemManage_Handler
                0x00029658                WDT_IRQHandler
                0x00029658                SVC_Handler
                0x00029658                QEI_IRQHandler
                0x00029658                EINT0_IRQHandler
                0x00029658                DMA_IRQHandler
                0x00029658                BusFault_Handler
                0x00029658                MCPWM_IRQHandler
                0x00029658                ENET_IRQHandler
 *fill*         0x0002965a        0x2 
 .text.SystemInit
                0x0002965c      0x150 src\system_LPC17xx.o
                0x0002965c                SystemInit
 .text.get_elapsed_time
                0x000297ac       0x2c systick_timer\systick_timer.o
                0x000297ac                get_elapsed_time
 .text.SysTick_Handler
                0x000297d8       0x20 systick_timer\systick_timer.o
                0x000297d8                SysTick_Handler
 .text.calloc   0x000297f8       0x10 c:/program files (x86)/atollic/truestudio for arm 7.1.0/armtools/bin/../lib/gcc/arm-atollic-eabi/5.3.1/../../../../arm-atollic-eabi/lib/armv7-m\libc_nano.a(lib_a-calloc.o)
                0x000297f8                calloc
 .text.__libc_init_array
                0x00029808       0x4c c:/program files (x86)/atollic/truestudio for arm 7.1.0/armtools/bin/../lib/gcc/arm-atollic-eabi/5.3.1/../../../../arm-atollic-eabi/lib/armv7-m\libc_nano.a(lib_a-init.o)
                0x00029808                __libc_init_array
 .text.localtime
                0x00029854       0x24 c:/program files (x86)/atollic/truestudio for arm 7.1.0/armtools/bin/../lib/gcc/arm-atollic-eabi/5.3.1/../../../../arm-atollic-eabi/lib/armv7-m\libc_nano.a(lib_a-lcltime.o)
                0x00029854                localtime
 .text.localtime_r
                0x00029878      0x1cc c:/program files (x86)/atollic/truestudio for arm 7.1.0/armtools/bin/../lib/gcc/arm-atollic-eabi/5.3.1/../../../../arm-atollic-eabi/lib/armv7-m\libc_nano.a(lib_a-lcltime_r.o)
                0x00029878                localtime_r
 .text.malloc   0x00029a44       0x10 c:/program files (x86)/atollic/truestudio for arm 7.1.0/armtools/bin/../lib/gcc/arm-atollic-eabi/5.3.1/../../../../arm-atollic-eabi/lib/armv7-m\libc_nano.a(lib_a-malloc.o)
                0x00029a44                malloc
 .text.free     0x00029a54       0x10 c:/program files (x86)/atollic/truestudio for arm 7.1.0/armtools/bin/../lib/gcc/arm-atollic-eabi/5.3.1/../../../../arm-atollic-eabi/lib/armv7-m\libc_nano.a(lib_a-malloc.o)
                0x00029a54                free
 .text.memcmp   0x00029a64       0x1e c:/program files (x86)/atollic/truestudio for arm 7.1.0/armtools/bin/../lib/gcc/arm-atollic-eabi/5.3.1/../../../../arm-atollic-eabi/lib/armv7-m\libc_nano.a(lib_a-memcmp.o)
                0x00029a64                memcmp
 .text.memcpy   0x00029a82       0x16 c:/program files (x86)/atollic/truestudio for arm 7.1.0/armtools/bin/../lib/gcc/arm-atollic-eabi/5.3.1/../../../../arm-atollic-eabi/lib/armv7-m\libc_nano.a(lib_a-memcpy-stub.o)
                0x00029a82                memcpy
 .text.memmove  0x00029a98       0x36 c:/program files (x86)/atollic/truestudio for arm 7.1.0/armtools/bin/../lib/gcc/arm-atollic-eabi/5.3.1/../../../../arm-atollic-eabi/lib/armv7-m\libc_nano.a(lib_a-memmove.o)
                0x00029a98                memmove
 .text.memset   0x00029ace       0x10 c:/program files (x86)/atollic/truestudio for arm 7.1.0/armtools/bin/../lib/gcc/arm-atollic-eabi/5.3.1/../../../../arm-atollic-eabi/lib/armv7-m\libc_nano.a(lib_a-memset.o)
                0x00029ace                memset
 *fill*         0x00029ade        0x2 
 .text.validate_structure
                0x00029ae0      0x1b8 c:/program files (x86)/atollic/truestudio for arm 7.1.0/armtools/bin/../lib/gcc/arm-atollic-eabi/5.3.1/../../../../arm-atollic-eabi/lib/armv7-m\libc_nano.a(lib_a-mktime.o)
 .text.mktime   0x00029c98      0x2e4 c:/program files (x86)/atollic/truestudio for arm 7.1.0/armtools/bin/../lib/gcc/arm-atollic-eabi/5.3.1/../../../../arm-atollic-eabi/lib/armv7-m\libc_nano.a(lib_a-mktime.o)
                0x00029c98                mktime
 .text._calloc_r
                0x00029f7c       0x1c c:/program files (x86)/atollic/truestudio for arm 7.1.0/armtools/bin/../lib/gcc/arm-atollic-eabi/5.3.1/../../../../arm-atollic-eabi/lib/armv7-m\libc_nano.a(lib_a-nano-callocr.o)
                0x00029f7c                _calloc_r
 .text._free_r  0x00029f98       0x98 c:/program files (x86)/atollic/truestudio for arm 7.1.0/armtools/bin/../lib/gcc/arm-atollic-eabi/5.3.1/../../../../arm-atollic-eabi/lib/armv7-m\libc_nano.a(lib_a-nano-freer.o)
                0x00029f98                _free_r
 .text._malloc_r
                0x0002a030       0xbc c:/program files (x86)/atollic/truestudio for arm 7.1.0/armtools/bin/../lib/gcc/arm-atollic-eabi/5.3.1/../../../../arm-atollic-eabi/lib/armv7-m\libc_nano.a(lib_a-nano-mallocr.o)
                0x0002a030                _malloc_r
 .text._puts_r  0x0002a0ec       0xb4 c:/program files (x86)/atollic/truestudio for arm 7.1.0/armtools/bin/../lib/gcc/arm-atollic-eabi/5.3.1/../../../../arm-atollic-eabi/lib/armv7-m\libc_nano.a(lib_a-puts.o)
                0x0002a0ec                _puts_r
 .text.puts     0x0002a1a0       0x10 c:/program files (x86)/atollic/truestudio for arm 7.1.0/armtools/bin/../lib/gcc/arm-atollic-eabi/5.3.1/../../../../arm-atollic-eabi/lib/armv7-m\libc_nano.a(lib_a-puts.o)
                0x0002a1a0                puts
 .text.realloc  0x0002a1b0       0x10 c:/program files (x86)/atollic/truestudio for arm 7.1.0/armtools/bin/../lib/gcc/arm-atollic-eabi/5.3.1/../../../../arm-atollic-eabi/lib/armv7-m\libc_nano.a(lib_a-realloc.o)
                0x0002a1b0                realloc
 .text._sbrk_r  0x0002a1c0       0x20 c:/program files (x86)/atollic/truestudio for arm 7.1.0/armtools/bin/../lib/gcc/arm-atollic-eabi/5.3.1/../../../../arm-atollic-eabi/lib/armv7-m\libc_nano.a(lib_a-sbrkr.o)
                0x0002a1c0                _sbrk_r
 .text.sprintf  0x0002a1e0       0x48 c:/program files (x86)/atollic/truestudio for arm 7.1.0/armtools/bin/../lib/gcc/arm-atollic-eabi/5.3.1/../../../../arm-atollic-eabi/lib/armv7-m\libc_nano.a(lib_a-sprintf.o)
                0x0002a1e0                siprintf
                0x0002a1e0                sprintf
 .text.sscanf   0x0002a228       0x54 c:/program files (x86)/atollic/truestudio for arm 7.1.0/armtools/bin/../lib/gcc/arm-atollic-eabi/5.3.1/../../../../arm-atollic-eabi/lib/armv7-m\libc_nano.a(lib_a-sscanf.o)
                0x0002a228                siscanf
                0x0002a228                sscanf
 .text.__sread  0x0002a27c       0x22 c:/program files (x86)/atollic/truestudio for arm 7.1.0/armtools/bin/../lib/gcc/arm-atollic-eabi/5.3.1/../../../../arm-atollic-eabi/lib/armv7-m\libc_nano.a(lib_a-stdio.o)
                0x0002a27c                __sread
 .text.__seofread
                0x0002a29e        0x4 c:/program files (x86)/atollic/truestudio for arm 7.1.0/armtools/bin/../lib/gcc/arm-atollic-eabi/5.3.1/../../../../arm-atollic-eabi/lib/armv7-m\libc_nano.a(lib_a-stdio.o)
                0x0002a29e                __seofread
 .text.__swrite
                0x0002a2a2       0x38 c:/program files (x86)/atollic/truestudio for arm 7.1.0/armtools/bin/../lib/gcc/arm-atollic-eabi/5.3.1/../../../../arm-atollic-eabi/lib/armv7-m\libc_nano.a(lib_a-stdio.o)
                0x0002a2a2                __swrite
 .text.__sseek  0x0002a2da       0x24 c:/program files (x86)/atollic/truestudio for arm 7.1.0/armtools/bin/../lib/gcc/arm-atollic-eabi/5.3.1/../../../../arm-atollic-eabi/lib/armv7-m\libc_nano.a(lib_a-stdio.o)
                0x0002a2da                __sseek
 .text.__sclose
                0x0002a2fe        0x8 c:/program files (x86)/atollic/truestudio for arm 7.1.0/armtools/bin/../lib/gcc/arm-atollic-eabi/5.3.1/../../../../arm-atollic-eabi/lib/armv7-m\libc_nano.a(lib_a-stdio.o)
                0x0002a2fe                __sclose
 *fill*         0x0002a306        0x2 
 .text.__tzcalc_limits
                0x0002a308      0x150 c:/program files (x86)/atollic/truestudio for arm 7.1.0/armtools/bin/../lib/gcc/arm-atollic-eabi/5.3.1/../../../../arm-atollic-eabi/lib/armv7-m\libc_nano.a(lib_a-tzcalc_limits.o)
                0x0002a308                __tzcalc_limits
 .text.__tz_lock
                0x0002a458        0x2 c:/program files (x86)/atollic/truestudio for arm 7.1.0/armtools/bin/../lib/gcc/arm-atollic-eabi/5.3.1/../../../../arm-atollic-eabi/lib/armv7-m\libc_nano.a(lib_a-tzlock.o)
                0x0002a458                __tz_lock
 .text.__tz_unlock
                0x0002a45a        0x2 c:/program files (x86)/atollic/truestudio for arm 7.1.0/armtools/bin/../lib/gcc/arm-atollic-eabi/5.3.1/../../../../arm-atollic-eabi/lib/armv7-m\libc_nano.a(lib_a-tzlock.o)
                0x0002a45a                __tz_unlock
 .text._tzset_unlocked
                0x0002a45c        0xc c:/program files (x86)/atollic/truestudio for arm 7.1.0/armtools/bin/../lib/gcc/arm-atollic-eabi/5.3.1/../../../../arm-atollic-eabi/lib/armv7-m\libc_nano.a(lib_a-tzset.o)
                0x0002a45c                _tzset_unlocked
 .text._tzset_unlocked_r
                0x0002a468      0x300 c:/program files (x86)/atollic/truestudio for arm 7.1.0/armtools/bin/../lib/gcc/arm-atollic-eabi/5.3.1/../../../../arm-atollic-eabi/lib/armv7-m\libc_nano.a(lib_a-tzset_r.o)
                0x0002a468                _tzset_unlocked_r
 .text.__swbuf_r
                0x0002a768       0xa8 c:/program files (x86)/atollic/truestudio for arm 7.1.0/armtools/bin/../lib/gcc/arm-atollic-eabi/5.3.1/../../../../arm-atollic-eabi/lib/armv7-m\libc_nano.a(lib_a-wbuf.o)
                0x0002a768                __swbuf_r
 .text._write_r
                0x0002a810       0x24 c:/program files (x86)/atollic/truestudio for arm 7.1.0/armtools/bin/../lib/gcc/arm-atollic-eabi/5.3.1/../../../../arm-atollic-eabi/lib/armv7-m\libc_nano.a(lib_a-writer.o)
                0x0002a810                _write_r
 .text.__swsetup_r
                0x0002a834       0xdc c:/program files (x86)/atollic/truestudio for arm 7.1.0/armtools/bin/../lib/gcc/arm-atollic-eabi/5.3.1/../../../../arm-atollic-eabi/lib/armv7-m\libc_nano.a(lib_a-wsetup.o)
                0x0002a834                __swsetup_r
 .text._close_r
                0x0002a910       0x20 c:/program files (x86)/atollic/truestudio for arm 7.1.0/armtools/bin/../lib/gcc/arm-atollic-eabi/5.3.1/../../../../arm-atollic-eabi/lib/armv7-m\libc_nano.a(lib_a-closer.o)
                0x0002a910                _close_r
 .text.div      0x0002a930       0x28 c:/program files (x86)/atollic/truestudio for arm 7.1.0/armtools/bin/../lib/gcc/arm-atollic-eabi/5.3.1/../../../../arm-atollic-eabi/lib/armv7-m\libc_nano.a(lib_a-div.o)
                0x0002a930                div
 .text.__sflush_r