bytebuffer.c:49:6:bb_isAttached	16	static
bytebuffer.c:62:16:bb_getCapacity	16	static
bytebuffer.c:77:16:bb_size	16	static
bytebuffer.c:87:5:bb_init	16	static
bytebuffer.c:102:5:bb_capacity	16	static
bytebuffer.c:150:6:bb_zero	16	static
bytebuffer.c:167:5:bb_setUInt8	24	static
bytebuffer.c:185:5:bb_insertUInt8	24	static
bytebuffer.c:205:5:bb_setUInt8ByIndex	16	static
bytebuffer.c:236:5:bb_setUInt16	16	static
bytebuffer.c:262:5:bb_setUInt32	24	static
bytebuffer.c:274:5:bb_setUInt32ByIndex	24	static
bytebuffer.c:299:5:bb_setUInt64	88	static
bytebuffer.c:349:5:bb_setFloat	24	static
bytebuffer.c:385:5:bb_setDouble	40	static
bytebuffer.c:427:5:bb_setInt8	16	static
bytebuffer.c:434:5:bb_setInt16	16	static
bytebuffer.c:441:5:bb_setInt32	16	static
bytebuffer.c:448:5:bb_setInt64	32	static
bytebuffer.c:461:5:bb_set	24	static
bytebuffer.c:497:5:bb_set2	32	static
bytebuffer.c:524:5:bb_addString	24	static
bytebuffer.c:553:6:bb_attach	24	static
bytebuffer.c:570:6:bb_attachString	24	static
bytebuffer.c:579:5:bb_clear	16	static
bytebuffer.c:597:5:bb_getUInt8	16	static
bytebuffer.c:610:5:bb_getInt8	16	static
bytebuffer.c:623:5:bb_getUInt8ByIndex	24	static
bytebuffer.c:637:5:bb_getUInt16	16	static
bytebuffer.c:652:5:bb_getUInt32	16	static
bytebuffer.c:666:5:bb_getInt16	16	static
bytebuffer.c:681:5:bb_getInt32	24	static
bytebuffer.c:691:5:bb_getUInt32ByIndex	24	static
bytebuffer.c:705:5:bb_getInt64	24	static
bytebuffer.c:717:5:bb_getUInt64	24	static
bytebuffer.c:729:5:bb_getUInt64ByIndex	32	static
bytebuffer.c:747:5:bb_getUInt128ByIndex	32	static
bytebuffer.c:769:5:bb_getFloat	24	static
bytebuffer.c:792:5:bb_getDouble	24	static
bytebuffer.c:820:5:bb_getUInt16ByIndex	24	static
bytebuffer.c:834:5:bb_addHexString	32	static
bytebuffer.c:855:7:bb_toString	24	static
bytebuffer.c:864:7:bb_toHexString	24	static
bytebuffer.c:871:6:bb_addIntAsString	40	static
bytebuffer.c:880:6:bb_addDoubleAsString	56	static
bytebuffer.c:909:5:bb_subArray	24	static
bytebuffer.c:927:5:bb_insert	32	static
bytebuffer.c:957:5:bb_move	32	static
bytebuffer.c:1010:5:bb_trim	24	static
bytebuffer.c:1035:15:bb_compare	32	static
bytebuffer.c:1061:5:bb_get	24	static
bytebuffer.c:1076:15:bb_indexOf	24	static
