client.c:51:5:cl_snrmRequest	40	static
client.c:121:5:cl_parseUAResponse	24	static
client.c:128:5:cl_aarqRequest	120	static
client.c:177:5:cl_parseAAREResponse	24	static
client.c:203:5:cl_getApplicationAssociationRequest	72	static
client.c:271:5:cl_parseApplicationAssociationResponse	96	static
client.c:346:5:cl_getObjectsRequest	32	static
client.c:366:5:cl_parseLNObjects	80	static
client.c:452:5:cl_parseSNObjects	80	static
client.c:532:5:cl_parseObjects	24	static
client.c:551:5:cl_readSN	88	static
client.c:589:5:cl_readLN	96	static
client.c:633:5:cl_readList	144	static
client.c:731:5:cl_read	40	static
client.c:758:5:cl_readRowsByEntry	40	static
client.c:763:5:cl_readRowsByEntry2	72	static
client.c:830:5:cl_readRowsByRange	128	static
client.c:961:5:cl_getData	24	static
client.c:966:5:cl_changeType	24	static
client.c:974:5:cl_updateValue	104	static
client.c:991:5:cl_updateValues	120	static
client.c:1039:5:cl_receiverReady	24	static
client.c:1049:5:cl_releaseRequest	120	static
client.c:1094:5:cl_disconnectRequest	40	static
client.c:1142:5:cl_write	128	static
client.c:1183:5:cl_writeLN	112	static
client.c:1232:5:cl_writeSN	96	static
client.c:1272:5:cl_method	40	static
client.c:1295:5:cl_methodLN	112	static
client.c:1350:5:cl_methodSN	104	static
