converters.c:49:6:append	16	static
converters.c:58:5:obj_typeToString	16	static
converters.c:221:13:obj_getUnitAsString	16	static
converters.c:390:5:obj_DataToString	32	static
converters.c:404:5:obj_RegisterToString	32	static
converters.c:422:5:obj_clockToString	32	static
converters.c:462:5:obj_ScriptTableToString	48	static
converters.c:516:5:obj_specialDaysTableToString	40	static
converters.c:551:5:obj_TcpUdpSetupToString	32	static
converters.c:572:5:obj_mBusMasterPortSetupToString	32	static
converters.c:585:5:obj_messageHandlerToString	32	static
converters.c:604:5:obj_pushSetupToString	32	static
converters.c:627:5:obj_autoConnectToString	56	static
converters.c:677:5:obj_seasonProfileToString	32	static
converters.c:702:5:obj_weekProfileToString	32	static
converters.c:738:5:obj_dayProfileToString	40	static
converters.c:780:5:obj_activityCalendarToString	32	static
converters.c:832:5:obj_securitySetupToString	32	static
converters.c:851:5:obj_hdlcSetupToString	32	static
converters.c:878:5:obj_localPortSetupToString	32	static
converters.c:905:5:obj_demandRegisterToString	40	static
converters.c:948:5:obj_registerActivationToString	48	static
converters.c:998:6:actionItemToString	16	static
converters.c:1004:5:obj_registerMonitorToString	80	static
converters.c:1060:5:obj_actionScheduleToString	40	static
converters.c:1101:5:obj_sapAssignmentToString	48	static
converters.c:1130:5:obj_autoAnswerToString	40	static
converters.c:1169:5:obj_ip4SetupToString	48	static
converters.c:1233:5:obj_mbusSlavePortSetupToString	32	static
converters.c:1252:5:obj_imageTransferToString	40	static
converters.c:1293:5:obj_disconnectControlToString	32	static
converters.c:1310:5:obj_limiterToString	32	static
converters.c:1370:5:obj_mBusClientToString	32	static
converters.c:1405:5:obj_modemConfigurationToString	48	static
converters.c:1452:5:obj_macAddressSetupToString	32	static
converters.c:1466:6:qualityOfServiceToString	16	static
converters.c:1480:5:obj_GPRSSetupToString	32	static
converters.c:1499:5:obj_extendedRegisterToString	32	static
converters.c:1529:5:obj_objectsToString	64	static
converters.c:1557:5:obj_rowsToString	40	static
converters.c:1591:6:obj_applicationContextNameToString	16	static
converters.c:1610:6:obj_xDLMSContextTypeToString	16	static
converters.c:1623:6:obj_authenticationMechanismNameToString	16	static
converters.c:1639:5:obj_associationLogicalNameToString	40	static
converters.c:1690:5:obj_associationShortNameToString	32	static
converters.c:1708:5:obj_pppSetupToString	32	static
converters.c:1731:5:obj_CaptureObjectsToString	40	static
converters.c:1758:5:obj_ProfileGenericToString	32	static
converters.c:1791:5:obj_accountToString	32	static
converters.c:1843:5:obj_creditToString	32	static
converters.c:1874:5:obj_chargeToString	32	static
converters.c:1910:5:obj_tokenGatewayToString	32	static
converters.c:1924:5:obj_GsmDiagnosticToString	40	static
converters.c:1976:5:obj_CompactDataToString	32	static
converters.c:2020:5:obj_toString	24	static
converters.c:2321:13:err_toString	16	static
