crc.h:77:27:countCRC	32	static
dlms.c:70:5:dlms_checkInit	16	static
dlms.c:95:15:dlms_getGloMessage	32	static
dlms.c:258:15:dlms_getInvokeIDPriority	24	static
dlms.c:280:6:dlms_getLongInvokeIDPriority	24	static
dlms.c:296:5:dlms_getMaxPduSize	32	static
dlms.c:326:5:dlms_setData2	40	static
dlms.c:338:5:dlms_setData	32	static
dlms.c:349:5:getCount	24	static
dlms.c:377:5:getArray	48	static
dlms.c:461:5:getUInt32	32	static
dlms.c:487:5:getInt32	32	static
dlms.c:511:12:getBitString	56	static
dlms.c:543:12:getBool	32	static
dlms.c:571:5:getString	32	static
dlms.c:616:5:getUtfString	32	static
dlms.c:669:5:getOctetString	32	static
dlms.c:715:5:getBcd	40	static
dlms.c:767:5:getUInt8	32	static
dlms.c:793:5:getInt16	32	static
dlms.c:819:5:getInt8	32	static
dlms.c:846:5:getUInt16	32	static
dlms.c:873:5:getInt64	32	static
dlms.c:900:5:getUInt64	32	static
dlms.c:927:5:getEnum	32	static
dlms.c:954:5:getDouble	32	static
dlms.c:980:5:getFloat	32	static
dlms.c:1008:5:getTime	72	static
dlms.c:1058:5:getDate	64	static
dlms.c:1106:5:getDateTime	40	static
dlms.c:1239:5:dlms_getData	40	static
dlms.c:1367:5:dlms_checkLLCBytes	16	static
dlms.c:1389:5:dlms_getHDLCAddress	48	static
dlms.c:1461:5:dlms_checkHdlcAddress	40	static
dlms.c:1540:5:dlms_getAddress	24	static
dlms.c:1570:5:dlms_getAddressBytes	32	static
dlms.c:1599:5:dlms_getHdlcFrame	64	static
dlms.c:1732:6:dlms_getDataFromFrame	24	static
dlms.c:1760:5:dlms_getHdlcData	72	static
dlms.c:2026:5:dlms_checkWrapperAddress	24	static
dlms.c:2101:5:dlms_getTcpData	40	static
dlms.c:2156:5:dlms_getDataFromBlock	24	static
dlms.c:2178:5:dlms_receiverReady	144	static
dlms.c:2265:5:dlms_getWrapperFrame	32	static
dlms.c:2314:5:dlms_handleGetResponse	40	static
dlms.c:2455:5:handleWriteResponse	32	static
dlms.c:2482:5:dlms_handleWriteResponse	32	static
dlms.c:2510:5:dlms_getValueFromData	64	static
dlms.c:2587:5:dlms_readResponseDataBlockResult	40	static
dlms.c:2650:5:dlms_handleReadResponse	56	static
dlms.c:2775:5:dlms_handleMethodResponse	24	static
dlms.c:2874:5:dlms_handlePush	32	static
dlms.c:2941:5:dlms_handleSetResponse	32	static
dlms.c:2986:5:dlms_changeType2	40	static
dlms.c:3000:5:dlms_changeType	48	static
dlms.c:3063:5:dlms_handleDataNotification	72	static
dlms.c:3110:5:dlms_handleGbt	32	static
dlms.c:3207:5:dlms_handledGloDedRequest	40	static
dlms.c:3292:5:dlms_handledGloDedResponse	64	static
dlms.c:3341:5:dlms_handleGeneralCiphering	40	static
dlms.c:3381:5:dlms_getPdu	40	static
dlms.c:3618:6:dlms_addLLCBytes	16	static
dlms.c:3633:5:dlms_appendMultipleSNBlocks	32	static
dlms.c:3688:5:dlms_getSNPdu	128	static
dlms.c:3886:6:dlms_multipleBlocks	32	static
dlms.c:3918:5:dlms_getLNPdu	128	static
dlms.c:4229:5:dlms_getLnMessages	40	static
dlms.c:4279:5:dlms_getSnMessages	40	static
dlms.c:4339:5:dlms_getData2	48	static
dlms.c:4394:5:dlms_generateChallenge	24	static
dlms.c:4410:5:dlms_getActionInfo	24	static
dlms.c:4518:5:dlms_secure	80	static
dlms.c:4631:5:dlms_parseSnrmUaResponse	48	static
dlms.c:4725:5:dlms_appendHdlcParameter	16	static
