gxget.c:53:5:cosem_getByteBuffer	16	static
gxget.c:69:5:cosem_getData	24	static
gxget.c:84:5:cosem_getRegister	24	static
gxget.c:118:5:cosem_getRegisterTable	24	static
gxget.c:153:5:cosem_getClock	24	static
gxget.c:197:5:cosem_getActionSchedule	56	static
gxget.c:276:5:getActivityCalendarDayProfileTable	56	static
gxget.c:326:5:getActivityCalendarWeekProfileTable	40	static
gxget.c:365:5:getActivityCalendarSeasonProfile	56	static
gxget.c:402:5:getActivityCalendarName	24	static
gxget.c:414:5:cosem_getActivityCalendar	32	static
gxget.c:479:5:getLNAccessRights	40	static
gxget.c:548:15:dlms_isPduFull	32	static
gxget.c:575:5:getLNObjects	48	static
gxget.c:656:5:getUserList	48	static
gxget.c:703:5:cosem_getAssociationLogicalName	72	static
gxget.c:899:5:getSNObjects	40	static
gxget.c:970:5:getSNAccessRights	32	static
gxget.c:1028:5:cosem_getAssociationShortName	32	static
gxget.c:1090:5:cosem_getAutoAnswer	64	static
gxget.c:1176:5:cosem_getAutoConnect	64	static
gxget.c:1261:5:cosem_getDemandRegister	48	static
gxget.c:1320:5:cosem_getMacAddressSetup	24	static
gxget.c:1337:5:cosem_getExtendedRegister	48	static
gxget.c:1394:5:cosem_getQualityOfService	24	static
gxget.c:1419:5:cosem_getGprsSetup	32	static
gxget.c:1462:5:cosem_getSecuritySetup	40	static
gxget.c:1549:5:cosem_getIecHdlcSetup	24	static
gxget.c:1588:5:cosem_getIecLocalPortSetup	24	static
gxget.c:1633:5:cosem_getIP4Setup	56	static
gxget.c:1731:5:cosem_getMbusSlavePortSetup	24	static
gxget.c:1760:5:cosem_getImageTransfer	48	static
gxget.c:1857:5:getColumns	40	static
gxget.c:1932:5:getSelectedColumns	64	static
gxget.c:1993:5:cosem_getColumns	56	static
gxget.c:2076:5:cosem_getRow	48	static
gxget.c:2141:5:profileGeneric_getData	64	static
gxget.c:2211:5:getProfileGenericData	224	static
gxget.c:2374:5:cosem_getProfileGeneric	48	static
gxget.c:2477:5:cosem_getDisconnectControl	24	static
gxget.c:2502:5:cosem_getLimiter	72	static
gxget.c:2665:5:cosem_getmMbusClient	40	static
gxget.c:2749:5:cosem_getModemConfiguration	40	static
gxget.c:2825:5:cosem_getPppSetup	56	static
gxget.c:2927:5:cosem_getRegisterActivation	64	static
gxget.c:3023:5:cosem_getRegisterMonitor	40	static
gxget.c:3115:5:cosem_getSapAssignment	48	static
gxget.c:3159:5:cosem_getSchedule	64	static
gxget.c:3236:5:cosem_getScriptTable	48	static
gxget.c:3304:5:cosem_getSpecialDaysTable	56	static
gxget.c:3353:5:cosem_getTcpUdpSetup	24	static
gxget.c:3386:5:cosem_getMbusMasterPortSetup	24	static
gxget.c:3403:5:cosem_getMessageHandler	56	static
gxget.c:3484:5:cosem_getPushSetup	64	static
gxget.c:3621:5:cosem_getZigbeeNetworkControl	64	static
gxget.c:3715:5:getUnitCharge	40	static
gxget.c:3778:5:cosem_getCharge	40	static
gxget.c:3853:5:cosem_getTokenGateway	48	static
gxget.c:3932:5:cosem_getCredit	40	static
gxget.c:3997:5:cosem_getAccount	88	static
gxget.c:4256:5:cosem_getCompactData	32	static
gxget.c:4309:5:cosem_getValue	24	static
gxget.c:4738:5:cosem_getGsmDiagnostic	48	static
