gxobjects.c:49:13:li_init	24	static
gxobjects.c:61:18:co_init	24	static
gxobjects.c:71:5:obj_clearProfileGenericBuffer	32	static
gxobjects.c:89:5:obj_clearPushObjectList	32	static
gxobjects.c:109:5:obj_clearCreditChargeConfigurations	32	static
gxobjects.c:129:5:obj_clearTokenGatewayConfigurations	32	static
gxobjects.c:148:5:obj_clearSapList	32	static
gxobjects.c:168:5:obj_clearProfileGenericCaptureObjects	32	static
gxobjects.c:187:5:obj_clearSeasonProfile	32	static
gxobjects.c:205:5:obj_clearWeekProfileTable	32	static
gxobjects.c:222:5:obj_clearDayProfileTable	40	static
gxobjects.c:249:5:obj_clearRegisterMonitorActions	16	static
gxobjects.c:256:5:obj_clearModemConfigurationInitialisationStrings	32	static
gxobjects.c:275:5:obj_clearScriptTable	40	static
gxobjects.c:303:5:obj_clearRegisterActivationAssignment	16	static
gxobjects.c:309:5:obj_clearRegisterActivationMaskList	32	static
gxobjects.c:328:5:obj_clearIP4SetupOptions	32	static
gxobjects.c:346:5:obj_clearPPPSetupIPCPOptions	32	static
gxobjects.c:363:5:obj_clearPPPSetupLCPOptions	32	static
gxobjects.c:381:5:obj_clearActiveDevices	32	static
gxobjects.c:400:5:obj_clearChargeTables	32	static
gxobjects.c:418:5:obj_clearUserList	32	static
gxobjects.c:436:5:obj_clearCertificateInfo	32	static
gxobjects.c:457:6:obj_clear	24	static
gxobjects.c:873:15:obj_attributeCount	16	static
gxobjects.c:1094:5:obj_getAttributeIndexToRead	32	static
gxobjects.c:1186:15:obj_methodCount	16	static
gxobjects.c:1397:5:obj_updateAttributeAccessModes	48	static
gxobjects.c:1503:6:init_ProtectionParameter	16	static
gxobjects.c:1517:6:clear_ProtectionParameter	16	static
