gxset.c:55:5:cosem_setData	24	static
gxset.c:66:5:cosem_setRegister	32	static
gxset.c:103:5:cosem_setRegistertable	32	static
gxset.c:141:5:cosem_setClock	48	static
gxset.c:232:5:updateSeasonProfile	64	static
gxset.c:286:5:updateWeekProfileTable	48	static
gxset.c:370:5:updateDayProfileTableActive	72	static
gxset.c:454:5:cosem_setActivityCalendar	56	static
gxset.c:520:5:cosem_setActionSchedule	80	static
gxset.c:603:5:cosem_setAssociationLogicalName	64	static
gxset.c:1193:5:updateSNAccessRights	40	static
gxset.c:1291:5:cosem_setAssociationShortName	56	static
gxset.c:1392:5:cosem_setAutoAnswer	88	static
gxset.c:1478:5:cosem_setAutoConnect	96	static
gxset.c:1570:5:cosem_setDemandRegister	64	static
gxset.c:1684:5:cosem_setMacAddressSetup	32	static
gxset.c:1700:5:cosem_setExtendedRegister	48	static
gxset.c:1756:5:cosem_setGprsSetup	48	static
gxset.c:1859:5:cosem_setSecuritySetup	56	static
gxset.c:1987:5:cosem_setIecHdlcSetup	24	static
gxset.c:2029:5:cosem_setIecLocalPortSetup	32	static
gxset.c:2075:5:cosem_setIP4Setup	56	static
gxset.c:2172:5:cosem_setMbusSlavePortSetup	24	static
gxset.c:2198:5:cosem_setDisconnectControl	24	static
gxset.c:2220:5:cosem_setLimiter	64	static
gxset.c:2377:5:cosem_setmMbusClient	56	static
gxset.c:2465:5:cosem_setModemConfiguration	56	static
gxset.c:2543:5:cosem_setPppSetup	56	static
gxset.c:2670:5:cosem_setRegisterActivation	64	static
gxset.c:2760:5:cosem_setRegisterMonitor	48	static
gxset.c:2875:5:cosem_setSapAssignment	48	static
gxset.c:2918:5:cosem_setSchedule	64	static
gxset.c:3038:5:cosem_setScriptTable	56	static
gxset.c:3193:5:cosem_setSpecialDaysTable	64	static
gxset.c:3252:5:cosem_setTcpUdpSetup	32	static
gxset.c:3283:5:cosem_setMbusMasterPortSetup	24	static
gxset.c:3298:5:cosem_setMessageHandler	88	static
gxset.c:3397:5:cosem_setPushSetup	104	static
gxset.c:3557:5:setUnitCharge	48	static
gxset.c:3653:5:cosem_setCharge	48	static
gxset.c:3743:5:cosem_setCredit	48	static
gxset.c:3801:5:cosem_setAccount	80	static
gxset.c:4056:5:cosem_setImageTransfer	56	static
gxset.c:4134:5:setCaptureObjects	56	static
gxset.c:4217:5:cosem_setProfileGeneric	168	static
gxset.c:4401:5:cosem_setGsmDiagnostic	64	static
gxset.c:4545:5:cosem_setTokenGateway	72	static
gxset.c:4619:5:compactData_updateTemplateDescription	168	static
gxset.c:4806:5:cosem_setCompactData	32	static
gxset.c:5017:5:cosem_setValue	24	static
