helpers.c:48:15:hlp_isBigEndian	16	static
helpers.c:55:7:hlp_getErrorMessage	16	static
helpers.c:151:15:hlp_getObjectCountSizeInBytes	16	static
helpers.c:171:5:hlp_getObjectCount	32	static
helpers.c:214:5:hlp_getObjectCount2	32	static
helpers.c:253:5:hlp_setObjectCount	24	static
helpers.c:284:7:hlp_bytesToHex	56	static
helpers.c:313:15:getValue	24	static
helpers.c:334:5:hlp_hexToBytes	48	static
helpers.c:388:6:hlp_trace	32	static
helpers.c:402:5:hlp_parseLogicalName	40	static
helpers.c:449:5:hlp_setLogicalName2	32	static
helpers.c:462:5:hlp_printLogicalName	48	static
helpers.c:481:5:hlp_appendLogicalName	48	static
helpers.c:492:5:hlp_getLogicalNameToString	24	static
helpers.c:541:5:hlp_setLogicalName	40	static
helpers.c:589:6:hlp_replace	24	static
helpers.c:601:8:hlp_getScaler	16	static
helpers.c:612:5:hlp_getDataTypeSize	24	static
helpers.c:676:5:hlp_intToString	32	static
helpers.c:713:6:hlp_stringToInt	24	static
helpers.c:743:5:hlp_int64ToString	48	static
helpers.c:780:11:hlp_stringToInt64	24	static
helpers.c:812:15:hlp_rand	4	static
