server.c:90:6:svr_copyAssociationView	24	static
server.c:107:5:svr_initialize	64	static
server.c:206:5:svr_updateShortNames	40	static
server.c:256:6:svr_setInitialize	16	static
server.c:286:6:svr_reset	16	static
server.c:303:5:svr_HandleAarqRequest	144	static
server.c:487:5:svr_handleSnrmRequest	32	static
server.c:560:5:svr_generateDisconnectRequest	24	static
server.c:597:5:svr_reportError	152	static
server.c:681:5:svr_handleSetRequest2	72	static
server.c:824:5:svr_hanleSetRequestWithDataBlock	48	static
server.c:896:5:svr_generateConfirmedServiceError	16	static
server.c:915:5:svr_handleSetRequest	88	static
server.c:976:5:svr_getRequestNormal	128	static
server.c:1131:5:svr_getRequestNextDataBlock	104	static
server.c:1227:5:svr_getRequestWithList	128	static
server.c:1375:5:svr_handleGetRequest	80	static
server.c:1441:5:svr_findSNObject	48	static
server.c:1488:5:svr_handleRead	64	static
server.c:1568:5:svr_getReadData	48	static
server.c:1649:5:svr_handleReadBlockNumberAccess	112	static
server.c:1745:5:svr_handleReadDataBlockAccess	128	static
server.c:1842:5:svr_returnSNError	88	static
server.c:1863:5:svr_handleReadRequest	104	static
server.c:1990:5:svr_handleWriteRequest	128	static
server.c:2165:5:svr_handleMethodRequest	128	static
server.c:2322:5:svr_handleReleaseRequest	32	static
server.c:2354:5:svr_handleCommand	32	static
server.c:2462:5:svr_handleRequest	24	static
server.c:2470:5:svr_handleRequest3	24	static
server.c:2478:5:svr_handleRequest2	56	static
server.c:2734:5:handleInactivityTimeout	24	static
server.c:2761:5:svr_run	16	static
