variant.c:54:5:var_setEnum	16	static
variant.c:62:5:var_setUInt8	16	static
variant.c:70:5:var_setUInt16	16	static
variant.c:78:5:var_setUInt32	16	static
variant.c:86:5:var_setUInt64	32	static
variant.c:94:5:var_setInt8	16	static
variant.c:102:5:var_setInt16	16	static
variant.c:110:5:var_setInt32	16	static
variant.c:118:5:var_setInt64	32	static
variant.c:126:5:var_setDouble	32	static
variant.c:134:5:var_setFloat	16	static
variant.c:143:5:var_getUInt8	16	static
variant.c:156:5:var_getUInt16	16	static
variant.c:169:5:var_getUInt32	16	static
variant.c:182:5:var_getUInt64	16	static
variant.c:195:5:var_getInt8	16	static
variant.c:208:5:var_getInt16	16	static
variant.c:221:5:var_getInt32	16	static
variant.c:235:5:var_getInt64	16	static
variant.c:248:5:var_addBytes	24	static
variant.c:268:5:var_setString	24	static
variant.c:286:5:var_addOctetString	16	static
variant.c:294:5:var_addByteArray	24	static
variant.c:304:5:var_init	16	static
variant.c:311:6:var_attachArray	24	static
variant.c:323:6:var_attachStructure	24	static
variant.c:336:5:var_clear	24	static
variant.c:391:5:var_getDateTime2	24	static
variant.c:507:5:var_getDate	24	static
variant.c:549:5:var_getTime	16	static
variant.c:593:5:var_getBytes	16	static
variant.c:608:5:var_setOctetString	32	static
variant.c:644:5:var_getBytes2	48	static
variant.c:793:5:var_getSize	24	static
variant.c:849:5:var_toInteger	24	static
variant.c:933:6:va_isAttached	16	static
variant.c:938:16:va_getCapacity	16	static
variant.c:944:6:va_init	16	static
variant.c:953:6:va_capacity	16	static
variant.c:981:5:va_push	24	static
variant.c:1009:6:va_clear	24	static
variant.c:1032:6:va_attach	16	static
variant.c:1045:5:va_get	24	static
variant.c:1060:5:va_getByIndex	32	static
variant.c:1072:5:va_copyArray	32	static
variant.c:1100:5:var_toString	40	static
variant.c:1120:5:va_toString	32	static
variant.c:1144:12:convert	352	static
variant.c:1511:5:var_changeType	16	static
variant.c:1776:5:var_copy	40	static
variant.c:1887:5:var_setDateTime	24	static
variant.c:1901:5:var_setDate	24	static
variant.c:1915:5:var_setTime	24	static
variant.c:1929:5:var_setDateTimeAsOctetString	24	static
variant.c:1950:5:var_setDateAsOctetString	24	static
variant.c:1971:5:var_setTimeAsOctetString	24	static
variant.c:1992:5:var_setBoolean	24	static
variant.c:2005:6:var_attach	16	static
variant.c:2019:5:var_getDateTime	24	static
variant.c:2042:8:var_toDouble	24	static
variant.c:2123:5:var_print	40	static
variant.c:2144:5:va_print	32	static
