main.c:144:6:time_current	4	static
main.c:152:6:time_elapsed	4	static
main.c:158:6:time_now	16	static
main.c:170:5:addAssociation	16	static
main.c:190:5:addLogicalDeviceName	40	static
main.c:226:5:addPfRegisterObject	24	static
main.c:246:5:addl1VoltageRegisterObject	24	static
main.c:265:5:addl2VoltageRegisterObject	24	static
main.c:284:5:addl3VoltageRegisterObject	24	static
main.c:304:5:addl1CurrentRegisterObject	24	static
main.c:324:5:addl2CurrentRegisterObject	24	static
main.c:343:5:addl3CurrentRegisterObject	24	static
main.c:362:5:addKwhRegisterObject	24	static
main.c:380:5:addKvahRegisterObject	24	static
main.c:399:5:addlineFreq	24	static
main.c:416:5:svr_InitObjects	16	static
main.c:437:5:svr_findObject	24	static
main.c:454:6:svr_preRead	32	static
main.c:595:6:svr_preWrite	24	static
main.c:620:6:svr_preAction	32	static
main.c:645:6:svr_postRead	16	static
main.c:653:6:svr_postWrite	16	static
main.c:662:6:svr_postAction	32	static
main.c:677:15:svr_isTarget	24	static
main.c:700:24:svr_validateAuthentication	24	static
main.c:719:18:svr_getAttributeAccess	24	static
main.c:749:25:svr_getMethodAccess	24	static
main.c:774:5:svr_connected	16	static
main.c:786:5:svr_invalidConnection	16	static
main.c:795:5:svr_disconnected	16	static
main.c:801:6:svr_preGet	32	static
main.c:816:6:svr_postGet	16	static
main.c:829:6:svr_getDataType	16	static
main.c:835:6:UART3_IRQHandler	16	static
main.c:989:5:main	40	static
